Microchip MPLAB XC8 Compiler V1.34 ()

Linker command line:

-W-3 --edf=C:\Program Files (x86)\Microchip\xc8\v1.34\dat\en_msgs.txt -cs \
  -h+dist/default/production\Lab9test.X.production.sym \
  --cmf=dist/default/production\Lab9test.X.production.cmf -z -Q18F4620 \
  -oC:\Users\thong\AppData\Local\Temp\ska0.6 \
  -Mdist/default/production/Lab9test.X.production.map -E1 -ver=XC8 \
  -ASTACK=0B5h-0f7fh -pstack=STACK -ACODE=00h-0FFFFh -ACONST=00h-0FFFFh \
  -ASMALLCONST=01000h-010FFhx240 -AMEDIUMCONST=01000h-0FFFFh \
  -ACOMRAM=01h-07Fh -AABS1=00h-0F7Fh -ABIGRAM=01h-0F7Fh \
  -ARAM=080h-0FFh,0100h-01FFhx14,0F00h-0F7Fh -ABANK0=080h-0FFh \
  -ABANK1=0100h-01FFh -ABANK2=0200h-02FFh -ABANK3=0300h-03FFh \
  -ABANK4=0400h-04FFh -ABANK5=0500h-05FFh -ABANK6=0600h-06FFh \
  -ABANK7=0700h-07FFh -ABANK8=0800h-08FFh -ABANK9=0900h-09FFh \
  -ABANK10=0A00h-0AFFh -ABANK11=0B00h-0BFFh -ABANK12=0C00h-0CFFh \
  -ABANK13=0D00h-0DFFh -ABANK14=0E00h-0EFFh -ABANK15=0F00h-0F7Fh \
  -ASFR=0F80h-0FFFh \
  -preset_vec=00h,intcode=08h,intcodelo,powerup,init,end_init \
  -pramtop=01000h -psmallconst=SMALLCONST -pmediumconst=MEDIUMCONST \
  -pconst=CONST -AFARRAM=00h-00h -ACONFIG=0300000h-030000Dh -pconfig=CONFIG \
  -AIDLOC=0200000h-0200007h -pidloc=IDLOC -AEEDATA=0F00000h-0F003FFh \
  -peeprom_data=EEDATA \
  -prdata=COMRAM,nvrram=COMRAM,nvbit=COMRAM,rbss=COMRAM,rbit=COMRAM \
  -pfarbss=FARRAM,fardata=FARRAM,nvFARRAM=FARRAM \
  -pintsave_regs=BIGRAM,bigbss=BIGRAM,bigdata=BIGRAM -pbss=RAM \
  -pidata=CODE,irdata=CODE,ibigdata=CODE,ifardata=CODE -prparam=COMRAM \
  C:\Users\thong\AppData\Local\Temp\ska0.obj \
  dist/default/production\Lab9test.X.production.obj 

Object code version is 3.11

Machine type is 18F4620

Call graph: (short form)




                Name                               Link     Load   Length Selector   Space Scale
C:\Users\thong\AppData\Local\Temp\ska0.obj
                end_init                             18       18        4        4       0
                reset_vec                             0        0        4        0       0
                idloc                            200000   200000        8   200000       0
                config                           300000   300000        E   300000       0
dist/default/production\Lab9test.X.production.obj
                intcode                               8        8       10        4       0
                mediumconst                        FD5C     FD5C      2A4     7EAE       0
                text37                             174C     174C        C      B4D       0
                text36                             1740     1740        C      B4D       0
                text35                             1734     1734        C      B4D       0
                intcode_body                       11A4     11A4       86        4       0
                text33                             1758     1758        A      B4D       0
                text32                             16B6     16B6       16      B4D       0
                text31                             122A     122A       70        4       0
                text30                             16E0     16E0       14      B4D       0
                text29                             1624     1624       2A        4       0
                text28                             164E     164E       28        4       0
                text27                             13C4     13C4       52        4       0
                text26                             16F4     16F4       12      B4D       0
                text25                             16CC     16CC       14      B4D       0
                text24                             1716     1716       10      B4D       0
                text23                             1706     1706       10      B4D       0
                text22                              DB6      DB6      110        4       0
                text21                             152E     152E       3E        4       0
                text20                              EC6      EC6       F2        4       0
                text19                             15FA     15FA       2A        4       0
                text18                             1416     1416       4E        4       0
                text17                             159E     159E       30        4       0
                text16                              862      862      1AE        4       0
                text15                             111C     111C       88        4       0
                text14                             1094     1094       88        4       0
                text13                             1304     1304       66        4       0
                text12                             1464     1464       4A        4       0
                text11                              A10      A10      156        4       0
                text10                             14F0     14F0       3E        4       0
                text9                               C9E      C9E      118        4       0
                text8                               B66      B66      138        4       0
                text7                              136A     136A       5A        4       0
                text6                               FB8      FB8       DC        4       0
                text5                              169A     169A       1C      B4D       0
                text4                              156C     156C       32        4       0
                text3                                1C       1C      846        4       0
                text2                              1726     1726        E      B4D       0
                text1                              15CE     15CE       2C        4       0
                text0                              129A     129A       6A        4       0
                cstackCOMRAM                          1        1       38        1       1
                cstackBANK0                          A6       A6        F       80       1
                bssBANK0                             80       80       26       80       1
                dataCOMRAM                           39       39       23        1       1
                bssCOMRAM                            5C       5C       14        1       1
                cinit                              14AE     14AE       42        4       0
                idataCOMRAM                        1676     1676       23        4       0

TOTAL           Name                               Link     Load   Length     Space
        CLASS   STACK          

        CLASS   CODE           
                end_init                             18       18        4         0
                intcode                               8        8       10         0
                reset_vec                             0        0        4         0
                text37                             174C     174C        C         0
                text36                             1740     1740        C         0
                text35                             1734     1734        C         0
                intcode_body                       11A4     11A4       86         0
                text33                             1758     1758        A         0
                text32                             16B6     16B6       16         0
                text31                             122A     122A       70         0
                text30                             16E0     16E0       14         0
                text29                             1624     1624       2A         0
                text28                             164E     164E       28         0
                text27                             13C4     13C4       52         0
                text26                             16F4     16F4       12         0
                text25                             16CC     16CC       14         0
                text24                             1716     1716       10         0
                text23                             1706     1706       10         0
                text22                              DB6      DB6      110         0
                text21                             152E     152E       3E         0
                text20                              EC6      EC6       F2         0
                text19                             15FA     15FA       2A         0
                text18                             1416     1416       4E         0
                text17                             159E     159E       30         0
                text16                              862      862      1AE         0
                text15                             111C     111C       88         0
                text14                             1094     1094       88         0
                text13                             1304     1304       66         0
                text12                             1464     1464       4A         0
                text11                              A10      A10      156         0
                text10                             14F0     14F0       3E         0
                text9                               C9E      C9E      118         0
                text8                               B66      B66      138         0
                text7                              136A     136A       5A         0
                text6                               FB8      FB8       DC         0
                text5                              169A     169A       1C         0
                text4                              156C     156C       32         0
                text3                                1C       1C      846         0
                text2                              1726     1726        E         0
                text1                              15CE     15CE       2C         0
                text0                              129A     129A       6A         0
                cinit                              14AE     14AE       42         0
                idataCOMRAM                        1676     1676       23         0

        CLASS   CONST          

        CLASS   SMALLCONST     

        CLASS   MEDIUMCONST    
                mediumconst                        FD5C     FD5C      2A4         0

        CLASS   COMRAM         
                cstackCOMRAM                          1        1       38         1
                dataCOMRAM                           39       39       23         1
                bssCOMRAM                            5C       5C       14         1

        CLASS   ABS1           

        CLASS   BIGRAM         

        CLASS   RAM            

        CLASS   BANK0          
                cstackBANK0                          A6       A6        F         1
                bssBANK0                             80       80       26         1

        CLASS   BANK1          

        CLASS   BANK2          

        CLASS   BANK3          

        CLASS   BANK4          

        CLASS   BANK5          

        CLASS   BANK6          

        CLASS   BANK7          

        CLASS   BANK8          

        CLASS   BANK9          

        CLASS   BANK10         

        CLASS   BANK11         

        CLASS   BANK12         

        CLASS   BANK13         

        CLASS   BANK14         

        CLASS   BANK15         

        CLASS   SFR            

        CLASS   FARRAM         

        CLASS   CONFIG         
                config                           300000   300000        E         0

        CLASS   IDLOC          
                idloc                            200000   200000        8         0

        CLASS   EEDATA         



SEGMENTS        Name                           Load    Length   Top    Selector   Space  Class

                reset_vec                      000000  000004  000004         0       0  CODE    
                cstackCOMRAM                   000001  00006F  000070         1       1  COMRAM  
                intcode                        000008  001691  001699         4       0  CODE    
                bssBANK0                       000080  000035  0000B5        80       1  BANK0   
                text5                          00169A  0000C8  001762       B4D       0  CODE    
                mediumconst                    00FD5C  0002A4  010000      7EAE       0  MEDIUMCO
                idloc                          200000  000008  200008    200000       0  IDLOC   
                config                         300000  00000E  30000E    300000       0  CONFIG  


UNUSED ADDRESS RANGES

        Name                Unused          Largest block    Delta
        BANK0            0000B5-0000FF               4B
        BANK1            000100-0001FF              100
        BANK10           000A00-000AFF              100
        BANK11           000B00-000BFF              100
        BANK12           000C00-000CFF              100
        BANK13           000D00-000DFF              100
        BANK14           000E00-000EFF              100
        BANK15           000F00-000F7F               80
        BANK2            000200-0002FF              100
        BANK3            000300-0003FF              100
        BANK4            000400-0004FF              100
        BANK5            000500-0005FF              100
        BANK6            000600-0006FF              100
        BANK7            000700-0007FF              100
        BANK8            000800-0008FF              100
        BANK9            000900-0009FF              100
        BIGRAM           000070-00007F               10
                         0000B5-000F7F              ECB
        CODE             000004-000007                4
                         001699-001699                1
                         001762-00FD5B             E5FA
        COMRAM           000070-00007F               10
        CONST            000004-000007                4
                         001699-001699                1
                         001762-00FD5B             E5FA
        EEDATA           F00000-F003FF              400
        MEDIUMCONST      001699-001699                1
                         001762-00FD5B             E5FA
        RAM              0000B5-000F7F              100
        SFR              000F80-000FFF               80
        SMALLCONST       001699-001699                1
                         001762-00FD5B              100
        STACK            0000B5-000F7F              ECB

                                  Symbol Table

?___wmul                          cstackCOMRAM 00000F
?_printf                          cstackCOMRAM 000010
?_strlen                          cstackCOMRAM 00000F
OpenUSART@config                  cstackCOMRAM 000011
OpenUSART@spbrg                   cstackCOMRAM 00000F
_ADCON0                           (abs)        000FC2
_ADCON0bits                       (abs)        000FC2
_ADCON1                           (abs)        000FC1
_ADCON2                           (abs)        000FC0
_ADRESH                           (abs)        000FC4
_ADRESL                           (abs)        000FC3
_Act_Mode_Txt                     dataCOMRAM   00004C
_CCP2CON                          (abs)        000FBA
_CCPR2L                           (abs)        000FBB
_Count                            bssCOMRAM    000064
_Do_Init                          text29       001624
_EWLT_Count                       dataCOMRAM   00003A
_EW_Count                         dataCOMRAM   00003D
_FlashingR_Txt                    dataCOMRAM   00004E
_FlashingS_Txt                    dataCOMRAM   000050
_INT0_ISR                         text37       00174C
_INT0_flag                        bssCOMRAM    00005C
_INT1_ISR                         text36       001740
_INT1_flag                        bssCOMRAM    00005E
_INT2_ISR                         text35       001734
_INT2_flag                        bssCOMRAM    000060
_INTCON2bits                      (abs)        000FF1
_INTCON3bits                      (abs)        000FF0
_INTCONbits                       (abs)        000FF2
_Init_ADC                         text33       001758
_Initialize_Screen                text3        00001C
_LCD_Reset                        text26       0016F4
_MODE                             bssBANK0     000083
_NSLT_Count                       dataCOMRAM   000040
_NS_Count                         dataCOMRAM   000043
_OSCCON                           (abs)        000FD3
_OpenUSART                        text31       00122A
_PED_Count                        bssCOMRAM    000065
_PED_EW_Count                     dataCOMRAM   000046
_PED_NS_Count                     dataCOMRAM   000049
_PIE1bits                         (abs)        000F9D
_PIR1bits                         (abs)        000F9E
_PIR2bits                         (abs)        000FA1
_PORTAbits                        (abs)        000F80
_PORTBbits                        (abs)        000F81
_PORTCbits                        (abs)        000F82
_PORTDbits                        (abs)        000F83
_PORTEbits                        (abs)        000F84
_PR2                              (abs)        000FCB
_RBPU                             (abs)        007F8F
_RCSTA                            (abs)        000FAB
_RCSTAbits                        (abs)        000FAB
_Rcmd1                            text22       000DB6
_Rcmd2red                         text21       00152E
_Rcmd3                            text20       000EC6
_SPBRG                            (abs)        000FAF
_SPBRGH                           (abs)        000FB0
_SSPBUF                           (abs)        000FC9
_SSPCON1                          (abs)        000FC6
_SSPSTAT                          (abs)        000FC7
_SSPSTATbits                      (abs)        000FC7
_SW_EWLT                          bssCOMRAM    000066
_SW_EWLT_Txt                      dataCOMRAM   000052
_SW_EWPED                         bssCOMRAM    000067
_SW_EWPED_Txt                     dataCOMRAM   000054
_SW_MODE                          bssCOMRAM    000068
_SW_MODE_Txt                      dataCOMRAM   000056
_SW_NSLT                          bssCOMRAM    000069
_SW_NSLT_Txt                      dataCOMRAM   000058
_SW_NSPED                         bssCOMRAM    00006A
_SW_NSPED_Txt                     dataCOMRAM   00005A
_T0CON                            (abs)        000FD5
_T0CONbits                        (abs)        000FD5
_T2CON                            (abs)        000FCA
_T3CON                            (abs)        000FB1
_T3CONbits                        (abs)        000FB1
_TFT_GreenTab_Initialize          text19       0015FA
_TMR0H                            (abs)        000FD7
_TMR0L                            (abs)        000FD6
_TRISA                            (abs)        000F92
_TRISB                            (abs)        000F93
_TRISC                            (abs)        000F94
_TRISCbits                        (abs)        000F94
_TRISD                            (abs)        000F95
_TRISE                            (abs)        000F96
_TRMT                             (abs)        007D61
_TXREG                            (abs)        000FAD
_TXSTA                            (abs)        000FAC
_TXSTAbits                        (abs)        000FAC
__CFG_BOREN$OFF                   (abs)        000000
__CFG_CCP2MX$PORTBE               (abs)        000000
__CFG_LVP$OFF                     (abs)        000000
__CFG_OSC$INTIO67                 (abs)        000000
__CFG_WDT$OFF                     (abs)        000000
__HRAM                            (abs)        000000
__Habs1                           abs1         000000
__Hbank0                          bank0        000000
__Hbank1                          bank1        000000
__Hbank10                         bank10       000000
__Hbank11                         bank11       000000
__Hbank12                         bank12       000000
__Hbank13                         bank13       000000
__Hbank14                         bank14       000000
__Hbank15                         bank15       000000
__Hbank2                          bank2        000000
__Hbank3                          bank3        000000
__Hbank4                          bank4        000000
__Hbank5                          bank5        000000
__Hbank6                          bank6        000000
__Hbank7                          bank7        000000
__Hbank8                          bank8        000000
__Hbank9                          bank9        000000
__Hbigbss                         bigbss       000000
__Hbigdata                        bigdata      000000
__Hbigram                         bigram       000000
__Hbss                            bss          000000
__HbssBANK0                       bssBANK0     000000
__HbssCOMRAM                      bssCOMRAM    000000
__Hcinit                          cinit        000000
__Hclrtext                        clrtext      000000
__Hcomram                         comram       000000
__Hconfig                         config       30000E
__Hconst                          const        000000
__HcstackBANK0                    cstackBANK0  000000
__HcstackCOMRAM                   cstackCOMRAM 000000
__Hdata                           data         000000
__HdataCOMRAM                     dataCOMRAM   000000
__Heeprom_data                    eeprom_data  000000
__Hend_init                       end_init     00001C
__Hfarbss                         farbss       000000
__Hfardata                        fardata      000000
__Hibigdata                       ibigdata     000000
__Hidata                          idata        000000
__HidataCOMRAM                    idataCOMRAM  000000
__Hidloc                          idloc        200008
__Hifardata                       ifardata     000000
__Hinit                           init         000018
__Hintcode                        intcode      000018
__Hintcode_body                   intcode_body 000000
__Hintcodelo                      intcodelo    000018
__Hintentry                       intentry     000000
__Hintret                         intret       000000
__Hintsave_regs                   intsave_regs 000000
__Hirdata                         irdata       000000
__Hmediumconst                    mediumconst  010000
__HnvFARRAM                       nvFARRAM     000000
__Hnvbit                          nvbit        000000
__Hnvrram                         nvrram       000000
__Hparam                          rparam       000000
__Hpowerup                        powerup      000018
__Hram                            ram          000000
__Hramtop                         ramtop       001000
__Hrbit                           rbit         000000
__Hrbss                           rbss         000000
__Hrdata                          rdata        000000
__Hreset_vec                      reset_vec    000004
__Hrparam                         rparam       000000
__Hsfr                            sfr          000000
__Hsmallconst                     smallconst   000000
__Hspace_0                        (abs)        30000E
__Hspace_1                        (abs)        0000B5
__Hspace_2                        (abs)        000000
__Hstack                          stack        000000
__Hstruct                         struct       000000
__Htemp                           temp         000000
__Htext                           text         000000
__Htext0                          text0        000000
__Htext1                          text1        000000
__Htext10                         text10       000000
__Htext11                         text11       000000
__Htext12                         text12       000000
__Htext13                         text13       000000
__Htext14                         text14       000000
__Htext15                         text15       000000
__Htext16                         text16       000000
__Htext17                         text17       000000
__Htext18                         text18       000000
__Htext19                         text19       000000
__Htext2                          text2        000000
__Htext20                         text20       000000
__Htext21                         text21       000000
__Htext22                         text22       000000
__Htext23                         text23       000000
__Htext24                         text24       000000
__Htext25                         text25       000000
__Htext26                         text26       000000
__Htext27                         text27       000000
__Htext28                         text28       000000
__Htext29                         text29       000000
__Htext3                          text3        000000
__Htext30                         text30       000000
__Htext31                         text31       000000
__Htext32                         text32       000000
__Htext33                         text33       000000
__Htext35                         text35       000000
__Htext36                         text36       000000
__Htext37                         text37       000000
__Htext4                          text4        000000
__Htext5                          text5        000000
__Htext6                          text6        000000
__Htext7                          text7        000000
__Htext8                          text8        000000
__Htext9                          text9        000000
__LRAM                            (abs)        000001
__Labs1                           abs1         000000
__Lbank0                          bank0        000000
__Lbank1                          bank1        000000
__Lbank10                         bank10       000000
__Lbank11                         bank11       000000
__Lbank12                         bank12       000000
__Lbank13                         bank13       000000
__Lbank14                         bank14       000000
__Lbank15                         bank15       000000
__Lbank2                          bank2        000000
__Lbank3                          bank3        000000
__Lbank4                          bank4        000000
__Lbank5                          bank5        000000
__Lbank6                          bank6        000000
__Lbank7                          bank7        000000
__Lbank8                          bank8        000000
__Lbank9                          bank9        000000
__Lbigbss                         bigbss       000000
__Lbigdata                        bigdata      000000
__Lbigram                         bigram       000000
__Lbss                            bss          000000
__LbssBANK0                       bssBANK0     000000
__LbssCOMRAM                      bssCOMRAM    000000
__Lcinit                          cinit        000000
__Lclrtext                        clrtext      000000
__Lcomram                         comram       000000
__Lconfig                         config       300000
__Lconst                          const        000000
__LcstackBANK0                    cstackBANK0  000000
__LcstackCOMRAM                   cstackCOMRAM 000000
__Ldata                           data         000000
__LdataCOMRAM                     dataCOMRAM   000000
__Leeprom_data                    eeprom_data  000000
__Lend_init                       end_init     000018
__Lfarbss                         farbss       000000
__Lfardata                        fardata      000000
__Libigdata                       ibigdata     000000
__Lidata                          idata        000000
__LidataCOMRAM                    idataCOMRAM  000000
__Lidloc                          idloc        200000
__Lifardata                       ifardata     000000
__Linit                           init         000018
__Lintcode                        intcode      000008
__Lintcode_body                   intcode_body 000000
__Lintcodelo                      intcodelo    000018
__Lintentry                       intentry     000000
__Lintret                         intret       000000
__Lintsave_regs                   intsave_regs 000000
__Lirdata                         irdata       000000
__Lmediumconst                    mediumconst  00FD5C
__LnvFARRAM                       nvFARRAM     000000
__Lnvbit                          nvbit        000000
__Lnvrram                         nvrram       000000
__Lparam                          rparam       000000
__Lpowerup                        powerup      000018
__Lram                            ram          000000
__Lramtop                         ramtop       001000
__Lrbit                           rbit         000000
__Lrbss                           rbss         000000
__Lrdata                          rdata        000000
__Lreset_vec                      reset_vec    000000
__Lrparam                         rparam       000000
__Lsfr                            sfr          000000
__Lsmallconst                     smallconst   000000
__Lspace_0                        (abs)        000000
__Lspace_1                        (abs)        000000
__Lspace_2                        (abs)        000000
__Lstack                          stack        000000
__Lstruct                         struct       000000
__Ltemp                           temp         000000
__Ltext                           text         000000
__Ltext0                          text0        000000
__Ltext1                          text1        000000
__Ltext10                         text10       000000
__Ltext11                         text11       000000
__Ltext12                         text12       000000
__Ltext13                         text13       000000
__Ltext14                         text14       000000
__Ltext15                         text15       000000
__Ltext16                         text16       000000
__Ltext17                         text17       000000
__Ltext18                         text18       000000
__Ltext19                         text19       000000
__Ltext2                          text2        000000
__Ltext20                         text20       000000
__Ltext21                         text21       000000
__Ltext22                         text22       000000
__Ltext23                         text23       000000
__Ltext24                         text24       000000
__Ltext25                         text25       000000
__Ltext26                         text26       000000
__Ltext27                         text27       000000
__Ltext28                         text28       000000
__Ltext29                         text29       000000
__Ltext3                          text3        000000
__Ltext30                         text30       000000
__Ltext31                         text31       000000
__Ltext32                         text32       000000
__Ltext33                         text33       000000
__Ltext35                         text35       000000
__Ltext36                         text36       000000
__Ltext37                         text37       000000
__Ltext4                          text4        000000
__Ltext5                          text5        000000
__Ltext6                          text6        000000
__Ltext7                          text7        000000
__Ltext8                          text8        000000
__Ltext9                          text9        000000
__S0                              (abs)        30000E
__S1                              (abs)        0000B5
__S2                              (abs)        000000
___inthi_sp                       stack        000000
___intlo_sp                       stack        000000
___param_bank                     (abs)        000010
___rparam_used                    (abs)        000001
___sp                             stack        000000
___wmul                           text28       00164E
___wmul@multiplicand              cstackCOMRAM 000011
___wmul@multiplier                cstackCOMRAM 00000F
___wmul@product                   cstackCOMRAM 000013
__accesstop                       (abs)        000080
__activetblptr                    (abs)        000002
__end_of_Do_Init                  text29       00164E
__end_of_INT0_ISR                 text37       001758
__end_of_INT1_ISR                 text36       00174C
__end_of_INT2_ISR                 text35       001740
__end_of_Init_ADC                 text33       001762
__end_of_Initialize_Screen        text3        000862
__end_of_LCD_Reset                text26       001706
__end_of_OpenUSART                text31       00129A
__end_of_Rcmd1                    text22       000EC6
__end_of_Rcmd2red                 text21       00156C
__end_of_Rcmd3                    text20       000FB8
__end_of_TFT_GreenTab_Initialize  text19       001624
__end_of___wmul                   text28       001676
__end_of__initialization          cinit        0014E6
__end_of_chkisr                   intcode_body 00122A
__end_of_delay_ms                 text27       001416
__end_of_drawChar                 text11       000B66
__end_of_drawCircle               text16       000A10
__end_of_drawFastHLine            text15       0011A4
__end_of_drawFastVLine            text14       00111C
__end_of_drawPixel                text17       0015CE
__end_of_drawRect                 text13       00136A
__end_of_drawtext                 text9        000DB6
__end_of_fillCircle               text7        0013C4
__end_of_fillCircleHelper         text8        000C9E
__end_of_fillRect                 text12       0014AE
__end_of_fillRectangle            text6        001094
__end_of_fillScreen               text5        0016B6
__end_of_font                     mediumconst  00FE5C
__end_of_font2                    mediumconst  00FF38
__end_of_init_IO                  text32       0016CC
__end_of_init_UART                text30       0016F4
__end_of_main                     text0        001304
__end_of_printf                   text1        0015FA
__end_of_putch                    text2        001734
__end_of_setAddrWindow            text18       001464
__end_of_spiwrite                 text25       0016E0
__end_of_strcpy                   text4        00159E
__end_of_strlen                   text10       00152E
__end_of_write_command            text24       001726
__end_of_write_data               text23       001716
__initialization                  cinit        0014AE
__mediumconst                     mediumconst  00FD5C
__pbssBANK0                       bssBANK0     000080
__pbssCOMRAM                      bssCOMRAM    00005C
__pcinit                          cinit        0014AE
__pcstackBANK0                    cstackBANK0  0000A6
__pcstackCOMRAM                   cstackCOMRAM 000001
__pdataCOMRAM                     dataCOMRAM   000039
__pidataCOMRAM                    idataCOMRAM  001676
__pintcode                        intcode      000008
__pintcode_body                   intcode_body 0011A4
__pmediumconst                    mediumconst  00FD5C
__ptext0                          text0        00129A
__ptext1                          text1        0015CE
__ptext10                         text10       0014F0
__ptext11                         text11       000A10
__ptext12                         text12       001464
__ptext13                         text13       001304
__ptext14                         text14       001094
__ptext15                         text15       00111C
__ptext16                         text16       000862
__ptext17                         text17       00159E
__ptext18                         text18       001416
__ptext19                         text19       0015FA
__ptext2                          text2        001726
__ptext20                         text20       000EC6
__ptext21                         text21       00152E
__ptext22                         text22       000DB6
__ptext23                         text23       001706
__ptext24                         text24       001716
__ptext25                         text25       0016CC
__ptext26                         text26       0016F4
__ptext27                         text27       0013C4
__ptext28                         text28       00164E
__ptext29                         text29       001624
__ptext3                          text3        00001C
__ptext30                         text30       0016E0
__ptext31                         text31       00122A
__ptext32                         text32       0016B6
__ptext33                         text33       001758
__ptext35                         text35       001734
__ptext36                         text36       001740
__ptext37                         text37       00174C
__ptext4                          text4        00156C
__ptext5                          text5        00169A
__ptext6                          text6        000FB8
__ptext7                          text7        00136A
__ptext8                          text8        000B66
__ptext9                          text9        000C9E
__ramtop                          ramtop       001000
__size_of_Do_Init                 (abs)        000000
__size_of_INT0_ISR                (abs)        000000
__size_of_INT1_ISR                (abs)        000000
__size_of_INT2_ISR                (abs)        000000
__size_of_Init_ADC                (abs)        000000
__size_of_Initialize_Screen       (abs)        000000
__size_of_LCD_Reset               (abs)        000000
__size_of_OpenUSART               (abs)        000000
__size_of_Rcmd1                   (abs)        000000
__size_of_Rcmd2red                (abs)        000000
__size_of_Rcmd3                   (abs)        000000
__size_of_TFT_GreenTab_Initialize (abs)        000000
__size_of___wmul                  (abs)        000000
__size_of_chkisr                  (abs)        000000
__size_of_delay_ms                (abs)        000000
__size_of_drawChar                (abs)        000000
__size_of_drawCircle              (abs)        000000
__size_of_drawFastHLine           (abs)        000000
__size_of_drawFastVLine           (abs)        000000
__size_of_drawPixel               (abs)        000000
__size_of_drawRect                (abs)        000000
__size_of_drawtext                (abs)        000000
__size_of_fillCircle              (abs)        000000
__size_of_fillCircleHelper        (abs)        000000
__size_of_fillRect                (abs)        000000
__size_of_fillRectangle           (abs)        000000
__size_of_fillScreen              (abs)        000000
__size_of_init_IO                 (abs)        000000
__size_of_init_UART               (abs)        000000
__size_of_main                    (abs)        000000
__size_of_printf                  (abs)        000000
__size_of_putch                   (abs)        000000
__size_of_setAddrWindow           (abs)        000000
__size_of_spiwrite                (abs)        000000
__size_of_strcpy                  (abs)        000000
__size_of_strlen                  (abs)        000000
__size_of_write_command           (abs)        000000
__size_of_write_data              (abs)        000000
__smallconst                      smallconst   000000
__tft_type                        bssCOMRAM    00006B
_buffer                           bssBANK0     000087
_chkisr                           intcode      000008
_colstart                         bssCOMRAM    00006C
_delay_ms                         text27       0013C4
_dir                              bssCOMRAM    00006D
_direction                        bssCOMRAM    00006E
_drawChar                         text11       000A10
_drawCircle                       text16       000862
_drawFastHLine                    text15       00111C
_drawFastVLine                    text14       001094
_drawPixel                        text17       00159E
_drawRect                         text13       001304
_drawtext                         text9        000C9E
_fillCircle                       text7        00136A
_fillCircleHelper                 text8        000B66
_fillRect                         text12       001464
_fillRectangle                    text6        000FB8
_fillScreen                       text5        00169A
_font                             mediumconst  00FD5D
_font2                            mediumconst  00FE5C
_init_IO                          text32       0016B6
_init_UART                        text30       0016E0
_main                             text0        00129A
_nbr                              bssBANK0     000085
_printf                           text1        0015CE
_putch                            text2        001726
_rowstart                         bssCOMRAM    00006F
_setAddrWindow                    text18       001416
_spiwrite                         text25       0016CC
_strcpy                           text4        00156C
_strlen                           text10       0014F0
_txt                              bssCOMRAM    000062
_volt                             bssBANK0     000080
_wrap                             dataCOMRAM   000039
_write_command                    text24       001716
_write_data                       text23       001706
delay_ms@count                    cstackCOMRAM 000019
delay_ms@ms                       cstackCOMRAM 000015
drawChar@bg                       cstackCOMRAM 000030
drawChar@c                        cstackCOMRAM 00002D
drawChar@color                    cstackCOMRAM 00002E
drawChar@i                        cstackCOMRAM 000036
drawChar@j                        cstackCOMRAM 000035
drawChar@line                     cstackCOMRAM 000033
drawChar@size                     cstackCOMRAM 000032
drawChar@x                        cstackCOMRAM 000034
drawChar@y                        cstackCOMRAM 00002C
drawCircle@color                  cstackCOMRAM 000020
drawCircle@ddF_x                  cstackCOMRAM 000024
drawCircle@ddF_y                  cstackCOMRAM 000026
drawCircle@f                      cstackCOMRAM 000028
drawCircle@r                      cstackCOMRAM 00001E
drawCircle@x                      cstackCOMRAM 00002A
drawCircle@x0                     cstackCOMRAM 00001A
drawCircle@y                      cstackCOMRAM 00002C
drawCircle@y0                     cstackCOMRAM 00001C
drawFastHLine@color               cstackCOMRAM 000018
drawFastHLine@hi                  cstackCOMRAM 00001E
drawFastHLine@lo                  cstackCOMRAM 00001F
drawFastHLine@w                   cstackCOMRAM 000017
drawFastHLine@x                   cstackCOMRAM 000020
drawFastHLine@y                   cstackCOMRAM 000016
drawFastVLine@color               cstackCOMRAM 000018
drawFastVLine@h                   cstackCOMRAM 000017
drawFastVLine@hi                  cstackCOMRAM 00001E
drawFastVLine@lo                  cstackCOMRAM 00001F
drawFastVLine@x                   cstackCOMRAM 000020
drawFastVLine@y                   cstackCOMRAM 000016
drawPixel@color                   cstackCOMRAM 000017
drawPixel@x                       cstackCOMRAM 000019
drawPixel@y                       cstackCOMRAM 000016
drawRect@color                    cstackCOMRAM 000029
drawRect@h                        cstackCOMRAM 000027
drawRect@w                        cstackCOMRAM 000025
drawRect@x                        cstackCOMRAM 000021
drawRect@y                        cstackCOMRAM 000023
drawtext@_text                    cstackBANK0  0000A7
drawtext@bg                       cstackBANK0  0000AB
drawtext@color                    cstackBANK0  0000A9
drawtext@cursor_x                 cstackBANK0  0000B4
drawtext@cursor_y                 cstackBANK0  0000B3
drawtext@i                        cstackBANK0  0000B1
drawtext@size                     cstackBANK0  0000AD
drawtext@textsize                 cstackBANK0  0000AF
drawtext@x                        cstackBANK0  0000AE
drawtext@y                        cstackBANK0  0000A6
end_of_initialization             cinit        0014E6
fillCircle@color                  cstackBANK0  0000AC
fillCircle@r                      cstackBANK0  0000AA
fillCircle@x0                     cstackBANK0  0000A6
fillCircle@y0                     cstackBANK0  0000A8
fillCircleHelper@color            cstackCOMRAM 00002B
fillCircleHelper@cornername       cstackCOMRAM 000027
fillCircleHelper@ddF_x            cstackCOMRAM 00002F
fillCircleHelper@ddF_y            cstackCOMRAM 000031
fillCircleHelper@delta            cstackCOMRAM 000029
fillCircleHelper@f                cstackCOMRAM 000033
fillCircleHelper@r                cstackCOMRAM 000025
fillCircleHelper@x                cstackCOMRAM 000035
fillCircleHelper@x0               cstackCOMRAM 000021
fillCircleHelper@y                cstackCOMRAM 000037
fillCircleHelper@y0               cstackCOMRAM 000023
fillRect@color                    cstackCOMRAM 000024
fillRect@h                        cstackCOMRAM 000023
fillRect@i                        cstackCOMRAM 00002A
fillRect@w                        cstackCOMRAM 000022
fillRect@x                        cstackCOMRAM 000029
fillRect@y                        cstackCOMRAM 000021
fillRectangle@color               cstackCOMRAM 000019
fillRectangle@h                   cstackCOMRAM 000018
fillRectangle@hi                  cstackCOMRAM 00001F
fillRectangle@lo                  cstackCOMRAM 000020
fillRectangle@w                   cstackCOMRAM 000017
fillRectangle@x                   cstackCOMRAM 000021
fillRectangle@y                   cstackCOMRAM 000016
fillScreen@color                  cstackCOMRAM 000022
int_func                          intcode_body 0011A4
intlevel0                         text         000000
intlevel1                         text         000000
intlevel2                         text         000000
intlevel3                         text         000000
printf@ap                         cstackCOMRAM 000012
printf@c                          cstackCOMRAM 000014
printf@f                          cstackCOMRAM 000010
putch@c                           cstackCOMRAM 00000F
setAddrWindow@x0                  cstackCOMRAM 000015
setAddrWindow@x1                  cstackCOMRAM 000013
setAddrWindow@y0                  cstackCOMRAM 000012
setAddrWindow@y1                  cstackCOMRAM 000014
spiwrite@spidata                  cstackCOMRAM 000010
spiwrite@x                        cstackCOMRAM 00000F
stackhi                           (abs)        000F7F
stacklo                           (abs)        0000B5
start                             init         000018
start_initialization              cinit        0014AE
strcpy@cp                         cstackCOMRAM 000013
strcpy@from                       cstackCOMRAM 000011
strcpy@to                         cstackCOMRAM 00000F
strlen@cp                         cstackCOMRAM 000013
strlen@s                          cstackCOMRAM 00000F
write_command@cmd_                cstackCOMRAM 000011
write_data@data_                  cstackCOMRAM 000011


FUNCTION INFORMATION:

 *************** function _main *****************
 Defined at:
		line 287 in file "Lab9test.c"
 Parameters:    Size  Location     Type
		None
 Auto vars:     Size  Location     Type
		None
 Return value:  Size  Location     Type
		None               void
 Registers used:
		wreg, fsr2l, fsr2h, status,2, status,0, tblptrl, tblptrh, tblptru, prodl, prodh, cstack
 Tracked objects:
		On entry : 
		On exit  : 
		Unchanged: 
 Data sizes:     COMRAM   BANK0   BANK1   BANK2   BANK3   BANK4   BANK5   BANK6   BANK7   BANK8   BANK9  BANK10  BANK11  BANK12  BANK13  BANK14  BANK15
      Params:         0       0       0       0       0       0       0       0       0       0       0       0       0       0       0       0       0
      Locals:         0       0       0       0       0       0       0       0       0       0       0       0       0       0       0       0       0
      Temps:          0       0       0       0       0       0       0       0       0       0       0       0       0       0       0       0       0
      Totals:         0       0       0       0       0       0       0       0       0       0       0       0       0       0       0       0       0
Total ram usage:        0 bytes
 Hardware stack levels required when called:   10
 This function calls:
		_Do_Init
		_Initialize_Screen
		_printf
 This function is called by:
		Startup code after reset
 This function uses a non-reentrant model


 *************** function _printf *****************
 Defined at:
		line 464 in file "C:\Program Files (x86)\Microchip\xc8\v1.34\sources\common\doprnt.c"
 Parameters:    Size  Location     Type
  f               2   15[COMRAM] PTR const unsigned char 
		 -> STR_15(31), STR_14(31), STR_13(31), 
 Auto vars:     Size  Location     Type
  tmpval          4    0        struct .
  cp              3    0        PTR const unsigned char 
  ap              2   17[COMRAM] PTR void [1]
		 -> ?_printf(2), 
  len             2    0        unsigned int 
  val             2    0        unsigned int 
  c               1   19[COMRAM] char 
  flag            1    0        unsigned char 
  prec            1    0        char 
 Return value:  Size  Location     Type
                  2   15[COMRAM] int 
 Registers used:
		wreg, status,2, status,0, tblptrl, tblptrh, tblptru, cstack
 Tracked objects:
		On entry : 
		On exit  : 
		Unchanged: 
 Data sizes:     COMRAM   BANK0   BANK1   BANK2   BANK3   BANK4   BANK5   BANK6   BANK7   BANK8   BANK9  BANK10  BANK11  BANK12  BANK13  BANK14  BANK15
      Params:         2       0       0       0       0       0       0       0       0       0       0       0       0       0       0       0       0
      Locals:         3       0       0       0       0       0       0       0       0       0       0       0       0       0       0       0       0
      Temps:          0       0       0       0       0       0       0       0       0       0       0       0       0       0       0       0       0
      Totals:         5       0       0       0       0       0       0       0       0       0       0       0       0       0       0       0       0
Total ram usage:        5 bytes
 Hardware stack levels used:    1
 Hardware stack levels required when called:    3
 This function calls:
		_putch
 This function is called by:
		_main
 This function uses a non-reentrant model


 *************** function _putch *****************
 Defined at:
		line 259 in file "Lab9test.c"
 Parameters:    Size  Location     Type
  c               1    wreg     unsigned char 
 Auto vars:     Size  Location     Type
  c               1   14[COMRAM] unsigned char 
 Return value:  Size  Location     Type
		None               void
 Registers used:
		wreg
 Tracked objects:
		On entry : 
		On exit  : 
		Unchanged: 
 Data sizes:     COMRAM   BANK0   BANK1   BANK2   BANK3   BANK4   BANK5   BANK6   BANK7   BANK8   BANK9  BANK10  BANK11  BANK12  BANK13  BANK14  BANK15
      Params:         0       0       0       0       0       0       0       0       0       0       0       0       0       0       0       0       0
      Locals:         1       0       0       0       0       0       0       0       0       0       0       0       0       0       0       0       0
      Temps:          0       0       0       0       0       0       0       0       0       0       0       0       0       0       0       0       0
      Totals:         1       0       0       0       0       0       0       0       0       0       0       0       0       0       0       0       0
Total ram usage:        1 bytes
 Hardware stack levels used:    1
 Hardware stack levels required when called:    2
 This function calls:
		Nothing
 This function is called by:
		_printf
 This function uses a non-reentrant model


 *************** function _Initialize_Screen *****************
 Defined at:
		line 163 in file "Lab9test.c"
 Parameters:    Size  Location     Type
		None
 Auto vars:     Size  Location     Type
		None
 Return value:  Size  Location     Type
		None               void
 Registers used:
		wreg, fsr2l, fsr2h, status,2, status,0, tblptrl, tblptrh, tblptru, prodl, prodh, cstack
 Tracked objects:
		On entry : 
		On exit  : 
		Unchanged: 
 Data sizes:     COMRAM   BANK0   BANK1   BANK2   BANK3   BANK4   BANK5   BANK6   BANK7   BANK8   BANK9  BANK10  BANK11  BANK12  BANK13  BANK14  BANK15
      Params:         0       0       0       0       0       0       0       0       0       0       0       0       0       0       0       0       0
      Locals:         0       0       0       0       0       0       0       0       0       0       0       0       0       0       0       0       0
      Temps:          0       0       0       0       0       0       0       0       0       0       0       0       0       0       0       0       0
      Totals:         0       0       0       0       0       0       0       0       0       0       0       0       0       0       0       0       0
Total ram usage:        0 bytes
 Hardware stack levels used:    1
 Hardware stack levels required when called:    9
 This function calls:
		_LCD_Reset
		_TFT_GreenTab_Initialize
		_drawCircle
		_drawRect
		_drawtext
		_fillCircle
		_fillScreen
		_strcpy
 This function is called by:
		_main
 This function uses a non-reentrant model


 *************** function _strcpy *****************
 Defined at:
		line 8 in file "C:\Program Files (x86)\Microchip\xc8\v1.34\sources\common\strcpy.c"
 Parameters:    Size  Location     Type
  to              2   14[COMRAM] PTR unsigned char 
		 -> NULL(0), buffer(31), 
  from            2   16[COMRAM] PTR const unsigned char 
		 -> STR_17(2), STR_16(2), STR_12(21), STR_11(4), 
		 -> STR_10(4), STR_9(7), STR_8(12), STR_7(7), 
		 -> STR_6(10), STR_5(2), STR_4(4), STR_3(4), 
		 -> STR_2(6), STR_1(22), 
 Auto vars:     Size  Location     Type
  cp              2   18[COMRAM] PTR unsigned char 
		 -> NULL(0), buffer(31), 
 Return value:  Size  Location     Type
                  2   14[COMRAM] PTR unsigned char 
 Registers used:
		wreg, fsr2l, fsr2h, status,2, status,0, tblptrl, tblptrh, tblptru
 Tracked objects:
		On entry : 
		On exit  : 
		Unchanged: 
 Data sizes:     COMRAM   BANK0   BANK1   BANK2   BANK3   BANK4   BANK5   BANK6   BANK7   BANK8   BANK9  BANK10  BANK11  BANK12  BANK13  BANK14  BANK15
      Params:         4       0       0       0       0       0       0       0       0       0       0       0       0       0       0       0       0
      Locals:         2       0       0       0       0       0       0       0       0       0       0       0       0       0       0       0       0
      Temps:          0       0       0       0       0       0       0       0       0       0       0       0       0       0       0       0       0
      Totals:         6       0       0       0       0       0       0       0       0       0       0       0       0       0       0       0       0
Total ram usage:        6 bytes
 Hardware stack levels used:    1
 Hardware stack levels required when called:    2
 This function calls:
		Nothing
 This function is called by:
		_Initialize_Screen
		_Wait_One_Second
 This function uses a non-reentrant model


 *************** function _fillScreen *****************
 Defined at:
		line 652 in file "ST7735_TFT.c"
 Parameters:    Size  Location     Type
  color           2   33[COMRAM] unsigned int 
 Auto vars:     Size  Location     Type
		None
 Return value:  Size  Location     Type
		None               void
 Registers used:
		wreg, status,2, status,0, cstack
 Tracked objects:
		On entry : 
		On exit  : 
		Unchanged: 
 Data sizes:     COMRAM   BANK0   BANK1   BANK2   BANK3   BANK4   BANK5   BANK6   BANK7   BANK8   BANK9  BANK10  BANK11  BANK12  BANK13  BANK14  BANK15
      Params:         2       0       0       0       0       0       0       0       0       0       0       0       0       0       0       0       0
      Locals:         0       0       0       0       0       0       0       0       0       0       0       0       0       0       0       0       0
      Temps:          0       0       0       0       0       0       0       0       0       0       0       0       0       0       0       0       0
      Totals:         2       0       0       0       0       0       0       0       0       0       0       0       0       0       0       0       0
Total ram usage:        2 bytes
 Hardware stack levels used:    1
 Hardware stack levels required when called:    6
 This function calls:
		_fillRectangle
 This function is called by:
		_Initialize_Screen
 This function uses a non-reentrant model


 *************** function _fillRectangle *****************
 Defined at:
		line 536 in file "ST7735_TFT.c"
 Parameters:    Size  Location     Type
  x               1    wreg     unsigned char 
  y               1   21[COMRAM] unsigned char 
  w               1   22[COMRAM] unsigned char 
  h               1   23[COMRAM] unsigned char 
  color           2   24[COMRAM] unsigned int 
 Auto vars:     Size  Location     Type
  x               1   32[COMRAM] unsigned char 
  lo              1   31[COMRAM] unsigned char 
  hi              1   30[COMRAM] unsigned char 
 Return value:  Size  Location     Type
		None               void
 Registers used:
		wreg, status,2, status,0, cstack
 Tracked objects:
		On entry : 
		On exit  : 
		Unchanged: 
 Data sizes:     COMRAM   BANK0   BANK1   BANK2   BANK3   BANK4   BANK5   BANK6   BANK7   BANK8   BANK9  BANK10  BANK11  BANK12  BANK13  BANK14  BANK15
      Params:         5       0       0       0       0       0       0       0       0       0       0       0       0       0       0       0       0
      Locals:         3       0       0       0       0       0       0       0       0       0       0       0       0       0       0       0       0
      Temps:          4       0       0       0       0       0       0       0       0       0       0       0       0       0       0       0       0
      Totals:        12       0       0       0       0       0       0       0       0       0       0       0       0       0       0       0       0
Total ram usage:       12 bytes
 Hardware stack levels used:    1
 Hardware stack levels required when called:    5
 This function calls:
		_setAddrWindow
		_spiwrite
 This function is called by:
		_fillScreen
 This function uses a non-reentrant model


 *************** function _fillCircle *****************
 Defined at:
		line 647 in file "ST7735_TFT.c"
 Parameters:    Size  Location     Type
  x0              2    0[BANK0 ] int 
  y0              2    2[BANK0 ] int 
  r               2    4[BANK0 ] int 
  color           2    6[BANK0 ] unsigned int 
 Auto vars:     Size  Location     Type
		None
 Return value:  Size  Location     Type
		None               void
 Registers used:
		wreg, status,2, status,0, cstack
 Tracked objects:
		On entry : 
		On exit  : 
		Unchanged: 
 Data sizes:     COMRAM   BANK0   BANK1   BANK2   BANK3   BANK4   BANK5   BANK6   BANK7   BANK8   BANK9  BANK10  BANK11  BANK12  BANK13  BANK14  BANK15
      Params:         0       8       0       0       0       0       0       0       0       0       0       0       0       0       0       0       0
      Locals:         0       0       0       0       0       0       0       0       0       0       0       0       0       0       0       0       0
      Temps:          0       0       0       0       0       0       0       0       0       0       0       0       0       0       0       0       0
      Totals:         0       8       0       0       0       0       0       0       0       0       0       0       0       0       0       0       0
Total ram usage:        8 bytes
 Hardware stack levels used:    1
 Hardware stack levels required when called:    7
 This function calls:
		_drawFastVLine
		_fillCircleHelper
 This function is called by:
		_Initialize_Screen
		_update_LCD_color
 This function uses a non-reentrant model


 *************** function _fillCircleHelper *****************
 Defined at:
		line 622 in file "ST7735_TFT.c"
 Parameters:    Size  Location     Type
  x0              2   32[COMRAM] int 
  y0              2   34[COMRAM] int 
  r               2   36[COMRAM] int 
  cornername      2   38[COMRAM] unsigned int 
  delta           2   40[COMRAM] int 
  color           2   42[COMRAM] unsigned int 
 Auto vars:     Size  Location     Type
  y               2   54[COMRAM] int 
  x               2   52[COMRAM] int 
  f               2   50[COMRAM] int 
  ddF_y           2   48[COMRAM] int 
  ddF_x           2   46[COMRAM] int 
 Return value:  Size  Location     Type
		None               void
 Registers used:
		wreg, status,2, status,0, cstack
 Tracked objects:
		On entry : 
		On exit  : 
		Unchanged: 
 Data sizes:     COMRAM   BANK0   BANK1   BANK2   BANK3   BANK4   BANK5   BANK6   BANK7   BANK8   BANK9  BANK10  BANK11  BANK12  BANK13  BANK14  BANK15
      Params:        12       0       0       0       0       0       0       0       0       0       0       0       0       0       0       0       0
      Locals:        10       0       0       0       0       0       0       0       0       0       0       0       0       0       0       0       0
      Temps:          2       0       0       0       0       0       0       0       0       0       0       0       0       0       0       0       0
      Totals:        24       0       0       0       0       0       0       0       0       0       0       0       0       0       0       0       0
Total ram usage:       24 bytes
 Hardware stack levels used:    1
 Hardware stack levels required when called:    6
 This function calls:
		_drawFastVLine
 This function is called by:
		_fillCircle
 This function uses a non-reentrant model


 *************** function _drawtext *****************
 Defined at:
		line 507 in file "ST7735_TFT.c"
 Parameters:    Size  Location     Type
  x               1    wreg     unsigned char 
  y               1    0[BANK0 ] unsigned char 
  _text           2    1[BANK0 ] PTR unsigned char 
		 -> NULL(0), SW_MODE_Txt(2), SW_NSLT_Txt(2), SW_NSPED_Txt(2), 
		 -> SW_EWLT_Txt(2), SW_EWPED_Txt(2), PED_NS_Count(3), PED_EW_Count(3), 
		 -> NSLT_Count(3), NS_Count(3), EWLT_Count(3), EW_Count(3), 
		 -> FlashingS_Txt(2), FlashingR_Txt(2), Act_Mode_Txt(2), buffer(31), 
  color           2    3[BANK0 ] unsigned int 
  bg              2    5[BANK0 ] unsigned int 
  size            1    7[BANK0 ] unsigned char 
 Auto vars:     Size  Location     Type
  x               1    8[BANK0 ] unsigned char 
  i               2   11[BANK0 ] unsigned int 
  textsize        2    9[BANK0 ] unsigned int 
  cursor_x        1   14[BANK0 ] unsigned char 
  cursor_y        1   13[BANK0 ] unsigned char 
 Return value:  Size  Location     Type
		None               void
 Registers used:
		wreg, fsr2l, fsr2h, status,2, status,0, tblptrl, tblptrh, tblptru, prodl, prodh, cstack
 Tracked objects:
		On entry : 
		On exit  : 
		Unchanged: 
 Data sizes:     COMRAM   BANK0   BANK1   BANK2   BANK3   BANK4   BANK5   BANK6   BANK7   BANK8   BANK9  BANK10  BANK11  BANK12  BANK13  BANK14  BANK15
      Params:         0       8       0       0       0       0       0       0       0       0       0       0       0       0       0       0       0
      Locals:         0       7       0       0       0       0       0       0       0       0       0       0       0       0       0       0       0
      Temps:          2       0       0       0       0       0       0       0       0       0       0       0       0       0       0       0       0
      Totals:         2      15       0       0       0       0       0       0       0       0       0       0       0       0       0       0       0
Total ram usage:       17 bytes
 Hardware stack levels used:    1
 Hardware stack levels required when called:    8
 This function calls:
		_drawChar
		_strlen
 This function is called by:
		_Initialize_Screen
		_Wait_One_Second
		_update_LCD_count
		_update_LCD_PED_Count
		_update_LCD_misc
 This function uses a non-reentrant model


 *************** function _strlen *****************
 Defined at:
		line 4 in file "C:\Program Files (x86)\Microchip\xc8\v1.34\sources\common\strlen.c"
 Parameters:    Size  Location     Type
  s               2   14[COMRAM] PTR const unsigned char 
		 -> NULL(0), SW_MODE_Txt(2), SW_NSLT_Txt(2), SW_NSPED_Txt(2), 
		 -> SW_EWLT_Txt(2), SW_EWPED_Txt(2), PED_NS_Count(3), PED_EW_Count(3), 
		 -> NSLT_Count(3), NS_Count(3), EWLT_Count(3), EW_Count(3), 
		 -> FlashingS_Txt(2), FlashingR_Txt(2), Act_Mode_Txt(2), buffer(31), 
 Auto vars:     Size  Location     Type
  cp              2   18[COMRAM] PTR const unsigned char 
		 -> NULL(0), SW_MODE_Txt(2), SW_NSLT_Txt(2), SW_NSPED_Txt(2), 
		 -> SW_EWLT_Txt(2), SW_EWPED_Txt(2), PED_NS_Count(3), PED_EW_Count(3), 
		 -> NSLT_Count(3), NS_Count(3), EWLT_Count(3), EW_Count(3), 
		 -> FlashingS_Txt(2), FlashingR_Txt(2), Act_Mode_Txt(2), buffer(31), 
 Return value:  Size  Location     Type
                  2   14[COMRAM] unsigned int 
 Registers used:
		wreg, fsr2l, fsr2h, status,2, status,0
 Tracked objects:
		On entry : 
		On exit  : 
		Unchanged: 
 Data sizes:     COMRAM   BANK0   BANK1   BANK2   BANK3   BANK4   BANK5   BANK6   BANK7   BANK8   BANK9  BANK10  BANK11  BANK12  BANK13  BANK14  BANK15
      Params:         2       0       0       0       0       0       0       0       0       0       0       0       0       0       0       0       0
      Locals:         2       0       0       0       0       0       0       0       0       0       0       0       0       0       0       0       0
      Temps:          2       0       0       0       0       0       0       0       0       0       0       0       0       0       0       0       0
      Totals:         6       0       0       0       0       0       0       0       0       0       0       0       0       0       0       0       0
Total ram usage:        6 bytes
 Hardware stack levels used:    1
 Hardware stack levels required when called:    2
 This function calls:
		Nothing
 This function is called by:
		_drawtext
 This function uses a non-reentrant model


 *************** function _drawChar *****************
 Defined at:
		line 480 in file "ST7735_TFT.c"
 Parameters:    Size  Location     Type
  x               1    wreg     unsigned char 
  y               1   43[COMRAM] unsigned char 
  c               1   44[COMRAM] unsigned char 
  color           2   45[COMRAM] unsigned int 
  bg              2   47[COMRAM] unsigned int 
  size            1   49[COMRAM] unsigned char 
 Auto vars:     Size  Location     Type
  x               1   51[COMRAM] unsigned char 
  line            1   50[COMRAM] unsigned char 
  i               1   53[COMRAM] unsigned char 
  j               1   52[COMRAM] unsigned char 
 Return value:  Size  Location     Type
		None               void
 Registers used:
		wreg, status,2, status,0, tblptrl, tblptrh, tblptru, prodl, prodh, cstack
 Tracked objects:
		On entry : 
		On exit  : 
		Unchanged: 
 Data sizes:     COMRAM   BANK0   BANK1   BANK2   BANK3   BANK4   BANK5   BANK6   BANK7   BANK8   BANK9  BANK10  BANK11  BANK12  BANK13  BANK14  BANK15
      Params:         7       0       0       0       0       0       0       0       0       0       0       0       0       0       0       0       0
      Locals:         4       0       0       0       0       0       0       0       0       0       0       0       0       0       0       0       0
      Temps:          0       0       0       0       0       0       0       0       0       0       0       0       0       0       0       0       0
      Totals:        11       0       0       0       0       0       0       0       0       0       0       0       0       0       0       0       0
Total ram usage:       11 bytes
 Hardware stack levels used:    1
 Hardware stack levels required when called:    7
 This function calls:
		___wmul
		_drawPixel
		_fillRect
 This function is called by:
		_drawtext
 This function uses a non-reentrant model


 *************** function _fillRect *****************
 Defined at:
		line 470 in file "ST7735_TFT.c"
 Parameters:    Size  Location     Type
  x               1    wreg     unsigned char 
  y               1   32[COMRAM] unsigned char 
  w               1   33[COMRAM] unsigned char 
  h               1   34[COMRAM] unsigned char 
  color           2   35[COMRAM] unsigned int 
 Auto vars:     Size  Location     Type
  x               1   40[COMRAM] unsigned char 
  i               2   41[COMRAM] int 
 Return value:  Size  Location     Type
		None               void
 Registers used:
		wreg, status,2, status,0, cstack
 Tracked objects:
		On entry : 
		On exit  : 
		Unchanged: 
 Data sizes:     COMRAM   BANK0   BANK1   BANK2   BANK3   BANK4   BANK5   BANK6   BANK7   BANK8   BANK9  BANK10  BANK11  BANK12  BANK13  BANK14  BANK15
      Params:         5       0       0       0       0       0       0       0       0       0       0       0       0       0       0       0       0
      Locals:         3       0       0       0       0       0       0       0       0       0       0       0       0       0       0       0       0
      Temps:          3       0       0       0       0       0       0       0       0       0       0       0       0       0       0       0       0
      Totals:        11       0       0       0       0       0       0       0       0       0       0       0       0       0       0       0       0
Total ram usage:       11 bytes
 Hardware stack levels used:    1
 Hardware stack levels required when called:    6
 This function calls:
		_drawFastVLine
 This function is called by:
		_drawChar
 This function uses a non-reentrant model


 *************** function _drawRect *****************
 Defined at:
		line 718 in file "ST7735_TFT.c"
 Parameters:    Size  Location     Type
  x               2   32[COMRAM] unsigned int 
  y               2   34[COMRAM] unsigned int 
  w               2   36[COMRAM] unsigned int 
  h               2   38[COMRAM] unsigned int 
  color           2   40[COMRAM] unsigned int 
 Auto vars:     Size  Location     Type
		None
 Return value:  Size  Location     Type
		None               void
 Registers used:
		wreg, status,2, status,0, cstack
 Tracked objects:
		On entry : 
		On exit  : 
		Unchanged: 
 Data sizes:     COMRAM   BANK0   BANK1   BANK2   BANK3   BANK4   BANK5   BANK6   BANK7   BANK8   BANK9  BANK10  BANK11  BANK12  BANK13  BANK14  BANK15
      Params:        10       0       0       0       0       0       0       0       0       0       0       0       0       0       0       0       0
      Locals:         0       0       0       0       0       0       0       0       0       0       0       0       0       0       0       0       0
      Temps:          1       0       0       0       0       0       0       0       0       0       0       0       0       0       0       0       0
      Totals:        11       0       0       0       0       0       0       0       0       0       0       0       0       0       0       0       0
Total ram usage:       11 bytes
 Hardware stack levels used:    1
 Hardware stack levels required when called:    6
 This function calls:
		_drawFastHLine
		_drawFastVLine
 This function is called by:
		_Initialize_Screen
 This function uses a non-reentrant model


 *************** function _drawFastVLine *****************
 Defined at:
		line 449 in file "ST7735_TFT.c"
 Parameters:    Size  Location     Type
  x               1    wreg     unsigned char 
  y               1   21[COMRAM] unsigned char 
  h               1   22[COMRAM] unsigned char 
  color           2   23[COMRAM] unsigned int 
 Auto vars:     Size  Location     Type
  x               1   31[COMRAM] unsigned char 
  lo              1   30[COMRAM] unsigned char 
  hi              1   29[COMRAM] unsigned char 
 Return value:  Size  Location     Type
		None               void
 Registers used:
		wreg, status,2, status,0, cstack
 Tracked objects:
		On entry : 
		On exit  : 
		Unchanged: 
 Data sizes:     COMRAM   BANK0   BANK1   BANK2   BANK3   BANK4   BANK5   BANK6   BANK7   BANK8   BANK9  BANK10  BANK11  BANK12  BANK13  BANK14  BANK15
      Params:         4       0       0       0       0       0       0       0       0       0       0       0       0       0       0       0       0
      Locals:         3       0       0       0       0       0       0       0       0       0       0       0       0       0       0       0       0
      Temps:          4       0       0       0       0       0       0       0       0       0       0       0       0       0       0       0       0
      Totals:        11       0       0       0       0       0       0       0       0       0       0       0       0       0       0       0       0
Total ram usage:       11 bytes
 Hardware stack levels used:    1
 Hardware stack levels required when called:    5
 This function calls:
		_setAddrWindow
		_spiwrite
 This function is called by:
		_fillRect
		_fillCircleHelper
		_fillCircle
		_drawRect
 This function uses a non-reentrant model


 *************** function _drawFastHLine *****************
 Defined at:
		line 657 in file "ST7735_TFT.c"
 Parameters:    Size  Location     Type
  x               1    wreg     unsigned char 
  y               1   21[COMRAM] unsigned char 
  w               1   22[COMRAM] unsigned char 
  color           2   23[COMRAM] unsigned int 
 Auto vars:     Size  Location     Type
  x               1   31[COMRAM] unsigned char 
  lo              1   30[COMRAM] unsigned char 
  hi              1   29[COMRAM] unsigned char 
 Return value:  Size  Location     Type
		None               void
 Registers used:
		wreg, status,2, status,0, cstack
 Tracked objects:
		On entry : 
		On exit  : 
		Unchanged: 
 Data sizes:     COMRAM   BANK0   BANK1   BANK2   BANK3   BANK4   BANK5   BANK6   BANK7   BANK8   BANK9  BANK10  BANK11  BANK12  BANK13  BANK14  BANK15
      Params:         4       0       0       0       0       0       0       0       0       0       0       0       0       0       0       0       0
      Locals:         3       0       0       0       0       0       0       0       0       0       0       0       0       0       0       0       0
      Temps:          4       0       0       0       0       0       0       0       0       0       0       0       0       0       0       0       0
      Totals:        11       0       0       0       0       0       0       0       0       0       0       0       0       0       0       0       0
Total ram usage:       11 bytes
 Hardware stack levels used:    1
 Hardware stack levels required when called:    5
 This function calls:
		_setAddrWindow
		_spiwrite
 This function is called by:
		_drawRect
 This function uses a non-reentrant model


 *************** function _drawCircle *****************
 Defined at:
		line 561 in file "ST7735_TFT.c"
 Parameters:    Size  Location     Type
  x0              2   25[COMRAM] int 
  y0              2   27[COMRAM] int 
  r               2   29[COMRAM] int 
  color           2   31[COMRAM] unsigned int 
 Auto vars:     Size  Location     Type
  y               2   43[COMRAM] int 
  x               2   41[COMRAM] int 
  f               2   39[COMRAM] int 
  ddF_y           2   37[COMRAM] int 
  ddF_x           2   35[COMRAM] int 
 Return value:  Size  Location     Type
		None               void
 Registers used:
		wreg, status,2, status,0, cstack
 Tracked objects:
		On entry : 
		On exit  : 
		Unchanged: 
 Data sizes:     COMRAM   BANK0   BANK1   BANK2   BANK3   BANK4   BANK5   BANK6   BANK7   BANK8   BANK9  BANK10  BANK11  BANK12  BANK13  BANK14  BANK15
      Params:         8       0       0       0       0       0       0       0       0       0       0       0       0       0       0       0       0
      Locals:        10       0       0       0       0       0       0       0       0       0       0       0       0       0       0       0       0
      Temps:          2       0       0       0       0       0       0       0       0       0       0       0       0       0       0       0       0
      Totals:        20       0       0       0       0       0       0       0       0       0       0       0       0       0       0       0       0
Total ram usage:       20 bytes
 Hardware stack levels used:    1
 Hardware stack levels required when called:    6
 This function calls:
		_drawPixel
 This function is called by:
		_Initialize_Screen
		_update_LCD_color
 This function uses a non-reentrant model


 *************** function _drawPixel *****************
 Defined at:
		line 440 in file "ST7735_TFT.c"
 Parameters:    Size  Location     Type
  x               1    wreg     unsigned char 
  y               1   21[COMRAM] unsigned char 
  color           2   22[COMRAM] unsigned int 
 Auto vars:     Size  Location     Type
  x               1   24[COMRAM] unsigned char 
 Return value:  Size  Location     Type
		None               void
 Registers used:
		wreg, status,2, status,0, cstack
 Tracked objects:
		On entry : 
		On exit  : 
		Unchanged: 
 Data sizes:     COMRAM   BANK0   BANK1   BANK2   BANK3   BANK4   BANK5   BANK6   BANK7   BANK8   BANK9  BANK10  BANK11  BANK12  BANK13  BANK14  BANK15
      Params:         3       0       0       0       0       0       0       0       0       0       0       0       0       0       0       0       0
      Locals:         1       0       0       0       0       0       0       0       0       0       0       0       0       0       0       0       0
      Temps:          0       0       0       0       0       0       0       0       0       0       0       0       0       0       0       0       0
      Totals:         4       0       0       0       0       0       0       0       0       0       0       0       0       0       0       0       0
Total ram usage:        4 bytes
 Hardware stack levels used:    1
 Hardware stack levels required when called:    5
 This function calls:
		_setAddrWindow
		_write_data
 This function is called by:
		_drawChar
		_drawCircle
		_drawCircleHelper
 This function uses a non-reentrant model


 *************** function _setAddrWindow *****************
 Defined at:
		line 425 in file "ST7735_TFT.c"
 Parameters:    Size  Location     Type
[...]
		None
 Auto vars:     Size  Location     Type
		None
 Return value:  Size  Location     Type
		None               void
 Registers used:
		wreg, status,2, status,0, prodl, prodh, cstack
 Tracked objects:
		On entry : 
		On exit  : 
		Unchanged: 
 Data sizes:     COMRAM   BANK0   BANK1   BANK2   BANK3   BANK4   BANK5   BANK6   BANK7   BANK8   BANK9  BANK10  BANK11  BANK12  BANK13  BANK14  BANK15
      Params:         0       0       0       0       0       0       0       0       0       0       0       0       0       0       0       0       0
      Locals:         0       0       0       0       0       0       0       0       0       0       0       0       0       0       0       0       0
      Temps:          0       0       0       0       0       0       0       0       0       0       0       0       0       0       0       0       0
      Totals:         0       0       0       0       0       0       0       0       0       0       0       0       0       0       0       0       0
Total ram usage:        0 bytes
 Hardware stack levels used:    1
 Hardware stack levels required when called:    4
 This function calls:
		_delay_ms
 This function is called by:
		_Initialize_Screen
 This function uses a non-reentrant model


 *************** function _delay_ms *****************
 Defined at:
		line 97 in file "ST7735_TFT.c"
 Parameters:    Size  Location     Type
  ms              2   20[COMRAM] int 
 Auto vars:     Size  Location     Type
  count           2   24[COMRAM] int 
 Return value:  Size  Location     Type
		None               void
 Registers used:
		wreg, status,2, status,0, prodl, prodh, cstack
 Tracked objects:
		On entry : 
		On exit  : 
		Unchanged: 
 Data sizes:     COMRAM   BANK0   BANK1   BANK2   BANK3   BANK4   BANK5   BANK6   BANK7   BANK8   BANK9  BANK10  BANK11  BANK12  BANK13  BANK14  BANK15
      Params:         2       0       0       0       0       0       0       0       0       0       0       0       0       0       0       0       0
      Locals:         2       0       0       0       0       0       0       0       0       0       0       0       0       0       0       0       0
      Temps:          2       0       0       0       0       0       0       0       0       0       0       0       0       0       0       0       0
      Totals:         6       0       0       0       0       0       0       0       0       0       0       0       0       0       0       0       0
Total ram usage:        6 bytes
 Hardware stack levels used:    1
 Hardware stack levels required when called:    3
 This function calls:
		___wmul
 This function is called by:
		_LCD_Reset
		_Rcmd1
		_Rcmd3
		_Bcmd
 This function uses a non-reentrant model


 *************** function ___wmul *****************
 Defined at:
		line 15 in file "C:\Program Files (x86)\Microchip\xc8\v1.34\sources\common\Umul16.c"
 Parameters:    Size  Location     Type
  multiplier      2   14[COMRAM] unsigned int 
  multiplicand    2   16[COMRAM] unsigned int 
 Auto vars:     Size  Location     Type
  product         2   18[COMRAM] unsigned int 
 Return value:  Size  Location     Type
                  2   14[COMRAM] unsigned int 
 Registers used:
		wreg, status,2, status,0, prodl, prodh
 Tracked objects:
		On entry : 
		On exit  : 
		Unchanged: 
 Data sizes:     COMRAM   BANK0   BANK1   BANK2   BANK3   BANK4   BANK5   BANK6   BANK7   BANK8   BANK9  BANK10  BANK11  BANK12  BANK13  BANK14  BANK15
      Params:         4       0       0       0       0       0       0       0       0       0       0       0       0       0       0       0       0
      Locals:         2       0       0       0       0       0       0       0       0       0       0       0       0       0       0       0       0
      Temps:          0       0       0       0       0       0       0       0       0       0       0       0       0       0       0       0       0
      Totals:         6       0       0       0       0       0       0       0       0       0       0       0       0       0       0       0       0
Total ram usage:        6 bytes
 Hardware stack levels used:    1
 Hardware stack levels required when called:    2
 This function calls:
		Nothing
 This function is called by:
		_delay_ms
		_drawChar
		_update_LCD_misc
 This function uses a non-reentrant model


 *************** function _Do_Init *****************
 Defined at:
		line 334 in file "Lab9test.c"
 Parameters:    Size  Location     Type
		None
 Auto vars:     Size  Location     Type
		None
 Return value:  Size  Location     Type
		None               void
 Registers used:
		wreg, status,2, cstack
 Tracked objects:
		On entry : 
		On exit  : 
		Unchanged: 
 Data sizes:     COMRAM   BANK0   BANK1   BANK2   BANK3   BANK4   BANK5   BANK6   BANK7   BANK8   BANK9  BANK10  BANK11  BANK12  BANK13  BANK14  BANK15
      Params:         0       0       0       0       0       0       0       0       0       0       0       0       0       0       0       0       0
      Locals:         0       0       0       0       0       0       0       0       0       0       0       0       0       0       0       0       0
      Temps:          0       0       0       0       0       0       0       0       0       0       0       0       0       0       0       0       0
      Totals:         0       0       0       0       0       0       0       0       0       0       0       0       0       0       0       0       0
Total ram usage:        0 bytes
 Hardware stack levels used:    1
 Hardware stack levels required when called:    4
 This function calls:
		_Init_ADC
		_init_IO
		_init_UART
 This function is called by:
		_main
 This function uses a non-reentrant model


 *************** function _init_UART *****************
 Defined at:
		line 251 in file "Lab9test.c"
 Parameters:    Size  Location     Type
		None
 Auto vars:     Size  Location     Type
		None
 Return value:  Size  Location     Type
		None               void
 Registers used:
		wreg, status,2, cstack
 Tracked objects:
		On entry : 
		On exit  : 
		Unchanged: 
 Data sizes:     COMRAM   BANK0   BANK1   BANK2   BANK3   BANK4   BANK5   BANK6   BANK7   BANK8   BANK9  BANK10  BANK11  BANK12  BANK13  BANK14  BANK15
      Params:         0       0       0       0       0       0       0       0       0       0       0       0       0       0       0       0       0
      Locals:         0       0       0       0       0       0       0       0       0       0       0       0       0       0       0       0       0
      Temps:          0       0       0       0       0       0       0       0       0       0       0       0       0       0       0       0       0
      Totals:         0       0       0       0       0       0       0       0       0       0       0       0       0       0       0       0       0
Total ram usage:        0 bytes
 Hardware stack levels used:    1
 Hardware stack levels required when called:    3
 This function calls:
		_OpenUSART
 This function is called by:
		_Do_Init
 This function uses a non-reentrant model


 *************** function _OpenUSART *****************
 Defined at:
		line 73 in file "C:\Program Files (x86)\Microchip\xc8\v1.34\sources\pic18\plib\USART\uopen.c"
 Parameters:    Size  Location     Type
  config          1    wreg     unsigned char 
  spbrg           2   14[COMRAM] unsigned int 
 Auto vars:     Size  Location     Type
  config          1   16[COMRAM] unsigned char 
 Return value:  Size  Location     Type
		None               void
 Registers used:
		wreg, status,2
 Tracked objects:
		On entry : 
		On exit  : 
		Unchanged: 
 Data sizes:     COMRAM   BANK0   BANK1   BANK2   BANK3   BANK4   BANK5   BANK6   BANK7   BANK8   BANK9  BANK10  BANK11  BANK12  BANK13  BANK14  BANK15
      Params:         2       0       0       0       0       0       0       0       0       0       0       0       0       0       0       0       0
      Locals:         1       0       0       0       0       0       0       0       0       0       0       0       0       0       0       0       0
      Temps:          0       0       0       0       0       0       0       0       0       0       0       0       0       0       0       0       0
      Totals:         3       0       0       0       0       0       0       0       0       0       0       0       0       0       0       0       0
Total ram usage:        3 bytes
 Hardware stack levels used:    1
 Hardware stack levels required when called:    2
 This function calls:
		Nothing
 This function is called by:
		_init_UART
 This function uses a non-reentrant model


 *************** function _init_IO *****************
 Defined at:
		line 320 in file "Lab9test.c"
 Parameters:    Size  Location     Type
		None
 Auto vars:     Size  Location     Type
		None
 Return value:  Size  Location     Type
		None               void
 Registers used:
		wreg, status,2
 Tracked objects:
		On entry : 
		On exit  : 
		Unchanged: 
 Data sizes:     COMRAM   BANK0   BANK1   BANK2   BANK3   BANK4   BANK5   BANK6   BANK7   BANK8   BANK9  BANK10  BANK11  BANK12  BANK13  BANK14  BANK15
      Params:         0       0       0       0       0       0       0       0       0       0       0       0       0       0       0       0       0
      Locals:         0       0       0       0       0       0       0       0       0       0       0       0       0       0       0       0       0
      Temps:          0       0       0       0       0       0       0       0       0       0       0       0       0       0       0       0       0
      Totals:         0       0       0       0       0       0       0       0       0       0       0       0       0       0       0       0       0
Total ram usage:        0 bytes
 Hardware stack levels used:    1
 Hardware stack levels required when called:    2
 This function calls:
		Nothing
 This function is called by:
		_Do_Init
 This function uses a non-reentrant model


 *************** function _Init_ADC *****************
 Defined at:
		line 328 in file "Lab9test.c"
 Parameters:    Size  Location     Type
		None
 Auto vars:     Size  Location     Type
		None
 Return value:  Size  Location     Type
		None               void
 Registers used:
		wreg, status,2
 Tracked objects:
		On entry : 
		On exit  : 
		Unchanged: 
 Data sizes:     COMRAM   BANK0   BANK1   BANK2   BANK3   BANK4   BANK5   BANK6   BANK7   BANK8   BANK9  BANK10  BANK11  BANK12  BANK13  BANK14  BANK15
      Params:         0       0       0       0       0       0       0       0       0       0       0       0       0       0       0       0       0
      Locals:         0       0       0       0       0       0       0       0       0       0       0       0       0       0       0       0       0
      Temps:          0       0       0       0       0       0       0       0       0       0       0       0       0       0       0       0       0
      Totals:         0       0       0       0       0       0       0       0       0       0       0       0       0       0       0       0       0
Total ram usage:        0 bytes
 Hardware stack levels used:    1
 Hardware stack levels required when called:    2
 This function calls:
		Nothing
 This function is called by:
		_Do_Init
 This function uses a non-reentrant model


 *************** function _chkisr *****************
 Defined at:
		line 279 in file "Lab9test.c"
 Parameters:    Size  Location     Type
		None
 Auto vars:     Size  Location     Type
		None
 Return value:  Size  Location     Type
		None               void
 Registers used:
		wreg, status,2, cstack
 Tracked objects:
		On entry : 
		On exit  : 
		Unchanged: 
 Data sizes:     COMRAM   BANK0   BANK1   BANK2   BANK3   BANK4   BANK5   BANK6   BANK7   BANK8   BANK9  BANK10  BANK11  BANK12  BANK13  BANK14  BANK15
      Params:         0       0       0       0       0       0       0       0       0       0       0       0       0       0       0       0       0
      Locals:         0       0       0       0       0       0       0       0       0       0       0       0       0       0       0       0       0
      Temps:         14       0       0       0       0       0       0       0       0       0       0       0       0       0       0       0       0
      Totals:        14       0       0       0       0       0       0       0       0       0       0       0       0       0       0       0       0
Total ram usage:       14 bytes
 Hardware stack levels used:    1
 Hardware stack levels required when called:    1
 This function calls:
		_INT0_ISR
		_INT1_ISR
		_INT2_ISR
 This function is called by:
		Interrupt level 2
 This function uses a non-reentrant model


 *************** function _INT2_ISR *****************
 Defined at:
		line 274 in file "Lab9test.c"
 Parameters:    Size  Location     Type
		None
 Auto vars:     Size  Location     Type
		None
 Return value:  Size  Location     Type
		None               void
 Registers used:
		wreg, status,2
 Tracked objects:
		On entry : 
		On exit  : 
		Unchanged: 
 Data sizes:     COMRAM   BANK0   BANK1   BANK2   BANK3   BANK4   BANK5   BANK6   BANK7   BANK8   BANK9  BANK10  BANK11  BANK12  BANK13  BANK14  BANK15
      Params:         0       0       0       0       0       0       0       0       0       0       0       0       0       0       0       0       0
      Locals:         0       0       0       0       0       0       0       0       0       0       0       0       0       0       0       0       0
      Temps:          0       0       0       0       0       0       0       0       0       0       0       0       0       0       0       0       0
      Totals:         0       0       0       0       0       0       0       0       0       0       0       0       0       0       0       0       0
Total ram usage:        0 bytes
 Hardware stack levels used:    1
 This function calls:
		Nothing
 This function is called by:
		_chkisr
 This function uses a non-reentrant model


 *************** function _INT1_ISR *****************
 Defined at:
		line 269 in file "Lab9test.c"
 Parameters:    Size  Location     Type
		None
 Auto vars:     Size  Location     Type
		None
 Return value:  Size  Location     Type
		None               void
 Registers used:
		wreg, status,2
 Tracked objects:
		On entry : 
		On exit  : 
		Unchanged: 
 Data sizes:     COMRAM   BANK0   BANK1   BANK2   BANK3   BANK4   BANK5   BANK6   BANK7   BANK8   BANK9  BANK10  BANK11  BANK12  BANK13  BANK14  BANK15
      Params:         0       0       0       0       0       0       0       0       0       0       0       0       0       0       0       0       0
      Locals:         0       0       0       0       0       0       0       0       0       0       0       0       0       0       0       0       0
      Temps:          0       0       0       0       0       0       0       0       0       0       0       0       0       0       0       0       0
      Totals:         0       0       0       0       0       0       0       0       0       0       0       0       0       0       0       0       0
Total ram usage:        0 bytes
 Hardware stack levels used:    1
 This function calls:
		Nothing
 This function is called by:
		_chkisr
 This function uses a non-reentrant model


 *************** function _INT0_ISR *****************
 Defined at:
		line 264 in file "Lab9test.c"
 Parameters:    Size  Location     Type
		None
 Auto vars:     Size  Location     Type
		None
 Return value:  Size  Location     Type
		None               void
 Registers used:
		wreg, status,2
 Tracked objects:
		On entry : 
		On exit  : 
		Unchanged: 
 Data sizes:     COMRAM   BANK0   BANK1   BANK2   BANK3   BANK4   BANK5   BANK6   BANK7   BANK8   BANK9  BANK10  BANK11  BANK12  BANK13  BANK14  BANK15
      Params:         0       0       0       0       0       0       0       0       0       0       0       0       0       0       0       0       0
      Locals:         0       0       0       0       0       0       0       0       0       0       0       0       0       0       0       0       0
      Temps:          0       0       0       0       0       0       0       0       0       0       0       0       0       0       0       0       0
      Totals:         0       0       0       0       0       0       0       0       0       0       0       0       0       0       0       0       0
Total ram usage:        0 bytes
 Hardware stack levels used:    1
 This function calls:
		Nothing
 This function is called by:
		_chkisr
 This function uses a non-reentrant model



MODULE INFORMATION

Module		Function		Class		Link	Load	Size
Lab9test.c
		_putch         		CODE           	1726	0000	15
		_Init_ADC      		CODE           	1758	0000	11
		_main          		CODE           	129A	0000	107
		_init_UART     		CODE           	16E0	0000	21
		_Do_Init       		CODE           	1624	0000	43
		_Initialize_Scr		CODE           	001C	0000	2119
		_INT0_ISR      		CODE           	174C	0000	13
		_init_IO       		CODE           	16B6	0000	23
		_INT1_ISR      		CODE           	1740	0000	13
		_chkisr        		CODE           	0008	0000	151
		_INT2_ISR      		CODE           	1734	0000	13

Lab9test.c estimated size: 2529

C:\Program Files (x86)\Microchip\xc8\v1.34\sources\pic18\plib\USART\uopen.c
		_OpenUSART     		CODE           	122A	0000	113

C:\Program Files (x86)\Microchip\xc8\v1.34\sources\pic18\plib\USART\uopen.c estimated size: 113

ST7735_TFT.c
		_drawChar      		CODE           	0A10	0000	343
		_drawCircle    		CODE           	0862	0000	431
		_fillScreen    		CODE           	169A	0000	29
		_Rcmd3         		CODE           	0EC6	0000	243
		_write_data    		CODE           	1706	0000	17
		_setAddrWindow 		CODE           	1416	0000	79
		_drawtext      		CODE           	0C9E	0000	281
		_fillRect      		CODE           	1464	0000	75
		_LCD_Reset     		CODE           	16F4	0000	19
		_fillCircle    		CODE           	136A	0000	91
		_drawPixel     		CODE           	159E	0000	49
		_fillRectangle 		CODE           	0FB8	0000	221
		_write_command 		CODE           	1716	0000	17
		_fillCircleHelp		CODE           	0B66	0000	313
		_drawFastHLine 		CODE           	111C	0000	137
		_drawFastVLine 		CODE           	1094	0000	137
		_Rcmd2red      		CODE           	152E	0000	63
		_TFT_GreenTab_I		CODE           	15FA	0000	43
		_delay_ms      		CODE           	13C4	0000	83
		_Rcmd1         		CODE           	0DB6	0000	273
		_drawRect      		CODE           	1304	0000	103
		_spiwrite      		CODE           	16CC	0000	21

ST7735_TFT.c estimated size: 3068

C:\Program Files (x86)\Microchip\xc8\v1.34\sources\common\strlen.c
		_strlen        		CODE           	14F0	0000	63

C:\Program Files (x86)\Microchip\xc8\v1.34\sources\common\strlen.c estimated size: 63

shared
		_font          		MEDIUMCONST    	FD5D	0000	256
		__initializatio		CODE           	14AE	0000	57
		_font2         		MEDIUMCONST    	FE5C	0000	221

shared estimated size: 534

C:\Program Files (x86)\Microchip\xc8\v1.34\sources\common\strcpy.c
		_strcpy        		CODE           	156C	0000	51

C:\Program Files (x86)\Microchip\xc8\v1.34\sources\common\strcpy.c estimated size: 51

C:\Program Files (x86)\Microchip\xc8\v1.34\sources\common\doprnt.c
		_printf        		CODE           	15CE	0000	45

C:\Program Files (x86)\Microchip\xc8\v1.34\sources\common\doprnt.c estimated size: 45

C:\Program Files (x86)\Microchip\xc8\v1.34\sources\common\Umul16.c
		___wmul        		CODE           	164E	0000	41

C:\Program Files (x86)\Microchip\xc8\v1.34\sources\common\Umul16.c estimated size: 41

