Microchip MPLAB XC8 Compiler V1.34 ()

Linker command line:

-W-3 --edf=C:\Program Files (x86)\Microchip\xc8\v1.34\dat\en_msgs.txt -cs \
  -h+dist/default/production\Lab9.X.production.sym \
  --cmf=dist/default/production\Lab9.X.production.cmf -z -Q18F4620 \
  -oC:\Users\thong\AppData\Local\Temp\sb48.6 \
  -Mdist/default/production/Lab9.X.production.map -E1 -ver=XC8 \
  -ASTACK=0B8h-0f7fh -pstack=STACK -ACODE=00h-0FFFFh -ACONST=00h-0FFFFh \
  -ASMALLCONST=01000h-010FFhx240 -AMEDIUMCONST=01000h-0FFFFh \
  -ACOMRAM=01h-07Fh -AABS1=00h-0F7Fh -ABIGRAM=01h-0F7Fh \
  -ARAM=080h-0FFh,0100h-01FFhx14,0F00h-0F7Fh -ABANK0=080h-0FFh \
  -ABANK1=0100h-01FFh -ABANK2=0200h-02FFh -ABANK3=0300h-03FFh \
  -ABANK4=0400h-04FFh -ABANK5=0500h-05FFh -ABANK6=0600h-06FFh \
  -ABANK7=0700h-07FFh -ABANK8=0800h-08FFh -ABANK9=0900h-09FFh \
  -ABANK10=0A00h-0AFFh -ABANK11=0B00h-0BFFh -ABANK12=0C00h-0CFFh \
  -ABANK13=0D00h-0DFFh -ABANK14=0E00h-0EFFh -ABANK15=0F00h-0F7Fh \
  -ASFR=0F80h-0FFFh \
  -preset_vec=00h,intcode=08h,intcodelo,powerup,init,end_init \
  -pramtop=01000h -psmallconst=SMALLCONST -pmediumconst=MEDIUMCONST \
  -pconst=CONST -AFARRAM=00h-00h -ACONFIG=0300000h-030000Dh -pconfig=CONFIG \
  -AIDLOC=0200000h-0200007h -pidloc=IDLOC -AEEDATA=0F00000h-0F003FFh \
  -peeprom_data=EEDATA \
  -prdata=COMRAM,nvrram=COMRAM,nvbit=COMRAM,rbss=COMRAM,rbit=COMRAM \
  -pfarbss=FARRAM,fardata=FARRAM,nvFARRAM=FARRAM \
  -pintsave_regs=BIGRAM,bigbss=BIGRAM,bigdata=BIGRAM -pbss=RAM \
  -pidata=CODE,irdata=CODE,ibigdata=CODE,ifardata=CODE -prparam=COMRAM \
  C:\Users\thong\AppData\Local\Temp\sb48.obj \
  dist/default/production\Lab9.X.production.obj 

Object code version is 3.11

Machine type is 18F4620

Call graph: (short form)




                Name                               Link     Load   Length Selector   Space Scale
C:\Users\thong\AppData\Local\Temp\sb48.obj
                end_init                             18       18        4        4       0
                reset_vec                             0        0        4        0       0
                idloc                            200000   200000        8   200000       0
                config                           300000   300000        E   300000       0
dist/default/production\Lab9.X.production.obj
                intcode                               8        8       10        4       0
                mediumconst                        FDBA     FDBA      246     7EDD       0
                text60                             25E8     25E8       12        4       0
                text59                             25D6     25D6       12        4       0
                text58                             263A     263A        8     1319       0
                intcode_body                       1D66     1D66       86        4       0
                text56                             25C4     25C4       12        4       0
                text55                             2632     2632        8     1319       0
                text54                             2544     2544       1A        4       0
                text53                             2574     2574       16        4       0
                text52                             1BC0     1BC0       96        4       0
                text51                             1E6E     1E6E       82        4       0
                text50                             249A     249A       28        4       0
                text49                             259E     259E       14        4       0
                text48                             260A     260A       10        4       0
                text47                             25FA     25FA       10        4       0
                text46                             2122     2122       4E        4       0
                text45                             2440     2440       30        4       0
                text44                             1CDE     1CDE       88        4       0
                text43                             2170     2170       4A        4       0
                text42                             100A     100A      156        4       0
                text41                             235C     235C       3E        4       0
                text40                             13A8     13A8      10A        4       0
                text39                             1838     1838       D0        4       0
                text38                             22DA     22DA       44        4       0
                text37                              CD6      CD6      1AE        4       0
                text36                             1160     1160      138        4       0
                text35                             20D0     20D0       52        4       0
                text34                              73A      73A      372        4       0
                text33                             2292     2292       48        4       0
                text32                             224A     224A       48        4       0
                text31                             2202     2202       48        4       0
                text30                             21BA     21BA       48        4       0
                text29                             240E     240E       32        4       0
                text28                             1908     1908       C6        4       0
                text27                             239A     239A       3C        4       0
                text26                             15A4     15A4       E2        4       0
                text25                             1B2A     1B2A       96        4       0
                text24                             24E8     24E8       26        4       0
                text23                              AAC      AAC      22A        4       0
                text22                             1DEC     1DEC       82        4       0
                text21                              E84      E84      186        4       0
                text20                             23D6     23D6       38        4       0
                text19                             1762     1762       D6        4       0
                text18                             2028     2028       56        4       0
                text17                             261A     261A        E        4       0
                text16                             255E     255E       16        4       0
                text15                             1EF0     1EF0       70        4       0
                text14                             258A     258A       14        4       0
                text13                             24C2     24C2       26        4       0
                text12                             207E     207E       52        4       0
                text11                             25B2     25B2       12        4       0
                text10                             1298     1298      110        4       0
                text9                              231E     231E       3E        4       0
                text8                              14B2     14B2       F2        4       0
                text7                              2470     2470       2A        4       0
                text6                              1C56     1C56       88        4       0
                text5                              1F60     1F60       66        4       0
                text4                              1686     1686       DC        4       0
                text3                              250E     250E       1C        4       0
                text2                                1C       1C      71E        4       0
                text1                              1A7C     1A7C       AE        4       0
                text0                              19CE     19CE       AE        4       0
                cstackCOMRAM                          1        1       40        1       1
                cstackBANK0                          A1       A1        E       80       1
                dataBANK0                            AF       AF        9       80       1
                bssBANK0                             80       80       21       80       1
                dataCOMRAM                           41       41       1A        1       1
                bssCOMRAM                            5B       5B       17        1       1
                cinit                              1FC6     1FC6       62        4       0
                idataBANK0                         2628     2628        9        4       0
                idataCOMRAM                        252A     252A       1A        4       0

TOTAL           Name                               Link     Load   Length     Space
        CLASS   STACK          

        CLASS   CODE           
                end_init                             18       18        4         0
                intcode                               8        8       10         0
                reset_vec                             0        0        4         0
                text60                             25E8     25E8       12         0
                text59                             25D6     25D6       12         0
                text58                             263A     263A        8         0
                intcode_body                       1D66     1D66       86         0
                text56                             25C4     25C4       12         0
                text55                             2632     2632        8         0
                text54                             2544     2544       1A         0
                text53                             2574     2574       16         0
                text52                             1BC0     1BC0       96         0
                text51                             1E6E     1E6E       82         0
                text50                             249A     249A       28         0
                text49                             259E     259E       14         0
                text48                             260A     260A       10         0
                text47                             25FA     25FA       10         0
                text46                             2122     2122       4E         0
                text45                             2440     2440       30         0
                text44                             1CDE     1CDE       88         0
                text43                             2170     2170       4A         0
                text42                             100A     100A      156         0
                text41                             235C     235C       3E         0
                text40                             13A8     13A8      10A         0
                text39                             1838     1838       D0         0
                text38                             22DA     22DA       44         0
                text37                              CD6      CD6      1AE         0
                text36                             1160     1160      138         0
                text35                             20D0     20D0       52         0
                text34                              73A      73A      372         0
                text33                             2292     2292       48         0
                text32                             224A     224A       48         0
                text31                             2202     2202       48         0
                text30                             21BA     21BA       48         0
                text29                             240E     240E       32         0
                text28                             1908     1908       C6         0
                text27                             239A     239A       3C         0
                text26                             15A4     15A4       E2         0
                text25                             1B2A     1B2A       96         0
                text24                             24E8     24E8       26         0
                text23                              AAC      AAC      22A         0
                text22                             1DEC     1DEC       82         0
                text21                              E84      E84      186         0
                text20                             23D6     23D6       38         0
                text19                             1762     1762       D6         0
                text18                             2028     2028       56         0
                text17                             261A     261A        E         0
                text16                             255E     255E       16         0
                text15                             1EF0     1EF0       70         0
                text14                             258A     258A       14         0
                text13                             24C2     24C2       26         0
                text12                             207E     207E       52         0
                text11                             25B2     25B2       12         0
                text10                             1298     1298      110         0
                text9                              231E     231E       3E         0
                text8                              14B2     14B2       F2         0
                text7                              2470     2470       2A         0
                text6                              1C56     1C56       88         0
                text5                              1F60     1F60       66         0
                text4                              1686     1686       DC         0
                text3                              250E     250E       1C         0
                text2                                1C       1C      71E         0
                text1                              1A7C     1A7C       AE         0
                text0                              19CE     19CE       AE         0
                cinit                              1FC6     1FC6       62         0
                idataBANK0                         2628     2628        9         0
                idataCOMRAM                        252A     252A       1A         0

        CLASS   CONST          

        CLASS   SMALLCONST     

        CLASS   MEDIUMCONST    
                mediumconst                        FDBA     FDBA      246         0

        CLASS   COMRAM         
                cstackCOMRAM                          1        1       40         1
                dataCOMRAM                           41       41       1A         1
                bssCOMRAM                            5B       5B       17         1

        CLASS   ABS1           

        CLASS   BIGRAM         

        CLASS   RAM            

        CLASS   BANK0          
                cstackBANK0                          A1       A1        E         1
                dataBANK0                            AF       AF        9         1
                bssBANK0                             80       80       21         1

        CLASS   BANK1          

        CLASS   BANK2          

        CLASS   BANK3          

        CLASS   BANK4          

        CLASS   BANK5          

        CLASS   BANK6          

        CLASS   BANK7          

        CLASS   BANK8          

        CLASS   BANK9          

        CLASS   BANK10         

        CLASS   BANK11         

        CLASS   BANK12         

        CLASS   BANK13         

        CLASS   BANK14         

        CLASS   BANK15         

        CLASS   SFR            

        CLASS   FARRAM         

        CLASS   CONFIG         
                config                           300000   300000        E         0

        CLASS   IDLOC          
                idloc                            200000   200000        8         0

        CLASS   EEDATA         



SEGMENTS        Name                           Load    Length   Top    Selector   Space  Class

                reset_vec                      000000  000004  000004         0       0  CODE    
                cstackCOMRAM                   000001  000071  000072         1       1  COMRAM  
                intcode                        000008  002629  002631         4       0  CODE    
                bssBANK0                       000080  000038  0000B8        80       1  BANK0   
                text55                         002632  000010  002642      1319       0  CODE    
                mediumconst                    00FDBA  000246  010000      7EDD       0  MEDIUMCO
                idloc                          200000  000008  200008    200000       0  IDLOC   
                config                         300000  00000E  30000E    300000       0  CONFIG  


UNUSED ADDRESS RANGES

        Name                Unused          Largest block    Delta
        BANK0            0000B8-0000FF               48
        BANK1            000100-0001FF              100
        BANK10           000A00-000AFF              100
        BANK11           000B00-000BFF              100
        BANK12           000C00-000CFF              100
        BANK13           000D00-000DFF              100
        BANK14           000E00-000EFF              100
        BANK15           000F00-000F7F               80
        BANK2            000200-0002FF              100
        BANK3            000300-0003FF              100
        BANK4            000400-0004FF              100
        BANK5            000500-0005FF              100
        BANK6            000600-0006FF              100
        BANK7            000700-0007FF              100
        BANK8            000800-0008FF              100
        BANK9            000900-0009FF              100
        BIGRAM           000072-00007F                E
                         0000B8-000F7F              EC8
        CODE             000004-000007                4
                         002631-002631                1
                         002642-00FDB9             D778
        COMRAM           000072-00007F                E
        CONST            000004-000007                4
                         002631-002631                1
                         002642-00FDB9             D778
        EEDATA           F00000-F003FF              400
        MEDIUMCONST      002631-002631                1
                         002642-00FDB9             D778
        RAM              0000B8-000F7F              100
        SFR              000F80-000FFF               80
        SMALLCONST       002631-002631                1
                         002642-00FDB9              100
        STACK            0000B8-000F7F              EC8

                                  Symbol Table

?___awdiv                           cstackCOMRAM 00000F
?___awmod                           cstackCOMRAM 00000F
?___awtoft                          cstackCOMRAM 000017
?___ftdiv                           cstackCOMRAM 00001B
?___ftpack                          cstackCOMRAM 00000F
?___wmul                            cstackCOMRAM 00000F
?_get_full_ADC                      cstackCOMRAM 00000F
?_strlen                            cstackCOMRAM 00000F
OpenUSART@config                    cstackCOMRAM 000011
OpenUSART@spbrg                     cstackCOMRAM 00000F
PED_Control@Num_Sec                 cstackBANK0  0000AA
PED_Control@direction               cstackBANK0  0000AB
PED_Control@i                       cstackBANK0  0000AC
Set_EW@color                        cstackBANK0  0000A4
Set_EWLT@color                      cstackBANK0  0000A4
Set_NS@color                        cstackBANK0  0000A4
Set_NSLT@color                      cstackBANK0  0000A4
Wait_N_Seconds@I                    cstackBANK0  0000AC
Wait_N_Seconds@seconds              cstackBANK0  0000AB
_ADCON0                             (abs)        000FC2
_ADCON0bits                         (abs)        000FC2
_ADCON1                             (abs)        000FC1
_ADCON2                             (abs)        000FC0
_ADRESH                             (abs)        000FC4
_ADRESL                             (abs)        000FC3
_Act_Mode_Txt                       dataCOMRAM   00004B
_Activate_Buzzer                    text56       0025C4
_CCP2CON                            (abs)        000FBA
_CCPR2L                             (abs)        000FBB
_Count                              bssCOMRAM    000062
_Day_Mode                           text19       001762
_Deactivate_Buzzer                  text55       002632
_Do_Flashing                        text18       002028
_Do_Init                            text13       0024C2
_EWLT_Count                         dataCOMRAM   000042
_EW_Count                           dataCOMRAM   000045
_EW_PED_SW                          bssCOMRAM    000063
_FLASHING                           bssCOMRAM    000064
_FLASHING_REQUEST                   bssCOMRAM    000065
_FlashingR_Txt                      dataCOMRAM   00004D
_FlashingS_Txt                      dataCOMRAM   00004F
_INT0_ISR                           text60       0025E8
_INT1_ISR                           text59       0025D6
_INT2_ISR                           text58       00263A
_INTCON2bits                        (abs)        000FF1
_INTCON3bits                        (abs)        000FF0
_INTCONbits                         (abs)        000FF2
_Init_ADC                           text17       00261A
_Initialize_Screen                  text2        00001C
_LCD_Reset                          text11       0025B2
_MODE                               bssCOMRAM    00005E
_NSLT_Count                         dataBANK0    0000AF
_NS_Count                           dataCOMRAM   000048
_NS_PED_SW                          bssCOMRAM    000066
_Night_Mode                         text1        001A7C
_OSCCON                             (abs)        000FD3
_OpenUSART                          text15       001EF0
_PED_Control                        text38       0022DA
_PED_Count                          bssCOMRAM    000067
_PED_EW_Count                       dataBANK0    0000B2
_PED_NS_Count                       dataBANK0    0000B5
_PIE1bits                           (abs)        000F9D
_PIR1bits                           (abs)        000F9E
_PIR2bits                           (abs)        000FA1
_PORTAbits                          (abs)        000F80
_PORTBbits                          (abs)        000F81
_PORTCbits                          (abs)        000F82
_PORTDbits                          (abs)        000F83
_PORTEbits                          (abs)        000F84
_PR2                                (abs)        000FCB
_RBPU                               (abs)        007F8F
_RCSTA                              (abs)        000FAB
_RCSTAbits                          (abs)        000FAB
_Rcmd1                              text10       001298
_Rcmd2red                           text9        00231E
_Rcmd3                              text8        0014B2
_SPBRG                              (abs)        000FAF
_SPBRGH                             (abs)        000FB0
_SSPBUF                             (abs)        000FC9
_SSPCON1                            (abs)        000FC6
_SSPSTAT                            (abs)        000FC7
_SSPSTATbits                        (abs)        000FC7
_SW_EWLT                            bssCOMRAM    000068
_SW_EWLT_Txt                        dataCOMRAM   000051
_SW_EWPED                           bssCOMRAM    000069
_SW_EWPED_Txt                       dataCOMRAM   000053
_SW_MODE                            bssCOMRAM    00006A
_SW_MODE_Txt                        dataCOMRAM   000055
_SW_NSLT                            bssCOMRAM    00006B
_SW_NSLT_Txt                        dataCOMRAM   000057
_SW_NSPED                           bssCOMRAM    00006C
_SW_NSPED_Txt                       dataCOMRAM   000059
_Set_EW                             text33       002292
_Set_EWLT                           text32       00224A
_Set_NS                             text31       002202
_Set_NSLT                           text30       0021BA
_T0CON                              (abs)        000FD5
_T0CONbits                          (abs)        000FD5
_T2CON                              (abs)        000FCA
_T3CON                              (abs)        000FB1
_T3CONbits                          (abs)        000FB1
_TFT_GreenTab_Initialize            text7        002470
_TMR0H                              (abs)        000FD7
_TMR0L                              (abs)        000FD6
_TRISA                              (abs)        000F92
_TRISB                              (abs)        000F93
_TRISC                              (abs)        000F94
_TRISCbits                          (abs)        000F94
_TRISD                              (abs)        000F95
_TRISE                              (abs)        000F96
_TRMT                               (abs)        007D61
_TXREG                              (abs)        000FAD
_TXSTA                              (abs)        000FAC
_TXSTAbits                          (abs)        000FAC
_Wait_Half_Second                   text54       002544
_Wait_N_Seconds                     text20       0023D6
_Wait_One_Second                    text22       001DEC
_Wait_One_Second_With_Beep          text53       002574
__CFG_BOREN$OFF                     (abs)        000000
__CFG_CCP2MX$PORTBE                 (abs)        000000
__CFG_LVP$OFF                       (abs)        000000
__CFG_OSC$INTIO67                   (abs)        000000
__CFG_WDT$OFF                       (abs)        000000
__HRAM                              (abs)        000000
__Habs1                             abs1         000000
__Hbank0                            bank0        000000
__Hbank1                            bank1        000000
__Hbank10                           bank10       000000
__Hbank11                           bank11       000000
__Hbank12                           bank12       000000
__Hbank13                           bank13       000000
__Hbank14                           bank14       000000
__Hbank15                           bank15       000000
__Hbank2                            bank2        000000
__Hbank3                            bank3        000000
__Hbank4                            bank4        000000
__Hbank5                            bank5        000000
__Hbank6                            bank6        000000
__Hbank7                            bank7        000000
__Hbank8                            bank8        000000
__Hbank9                            bank9        000000
__Hbigbss                           bigbss       000000
__Hbigdata                          bigdata      000000
__Hbigram                           bigram       000000
__Hbss                              bss          000000
__HbssBANK0                         bssBANK0     000000
__HbssCOMRAM                        bssCOMRAM    000000
__Hcinit                            cinit        000000
__Hclrtext                          clrtext      000000
__Hcomram                           comram       000000
__Hconfig                           config       30000E
__Hconst                            const        000000
__HcstackBANK0                      cstackBANK0  000000
__HcstackCOMRAM                     cstackCOMRAM 000000
__Hdata                             data         000000
__HdataBANK0                        dataBANK0    000000
__HdataCOMRAM                       dataCOMRAM   000000
__Heeprom_data                      eeprom_data  000000
__Hend_init                         end_init     00001C
__Hfarbss                           farbss       000000
__Hfardata                          fardata      000000
__Hibigdata                         ibigdata     000000
__Hidata                            idata        000000
__HidataBANK0                       idataBANK0   000000
__HidataCOMRAM                      idataCOMRAM  000000
__Hidloc                            idloc        200008
__Hifardata                         ifardata     000000
__Hinit                             init         000018
__Hintcode                          intcode      000018
__Hintcode_body                     intcode_body 000000
__Hintcodelo                        intcodelo    000018
__Hintentry                         intentry     000000
__Hintret                           intret       000000
__Hintsave_regs                     intsave_regs 000000
__Hirdata                           irdata       000000
__Hmediumconst                      mediumconst  010000
__HnvFARRAM                         nvFARRAM     000000
__Hnvbit                            nvbit        000000
__Hnvrram                           nvrram       000000
__Hparam                            rparam       000000
__Hpowerup                          powerup      000018
__Hram                              ram          000000
__Hramtop                           ramtop       001000
__Hrbit                             rbit         000000
__Hrbss                             rbss         000000
__Hrdata                            rdata        000000
__Hreset_vec                        reset_vec    000004
__Hrparam                           rparam       000000
__Hsfr                              sfr          000000
__Hsmallconst                       smallconst   000000
__Hspace_0                          (abs)        30000E
__Hspace_1                          (abs)        0000B8
__Hspace_2                          (abs)        000000
__Hstack                            stack        000000
__Hstruct                           struct       000000
__Htemp                             temp         000000
__Htext                             text         000000
__Htext0                            text0        000000
__Htext1                            text1        000000
__Htext10                           text10       000000
__Htext11                           text11       000000
__Htext12                           text12       000000
__Htext13                           text13       000000
__Htext14                           text14       000000
__Htext15                           text15       000000
__Htext16                           text16       000000
__Htext17                           text17       000000
__Htext18                           text18       000000
__Htext19                           text19       000000
__Htext2                            text2        000000
__Htext20                           text20       000000
__Htext21                           text21       000000
__Htext22                           text22       000000
__Htext23                           text23       000000
__Htext24                           text24       000000
__Htext25                           text25       000000
__Htext26                           text26       000000
__Htext27                           text27       000000
__Htext28                           text28       000000
__Htext29                           text29       000000
__Htext3                            text3        000000
__Htext30                           text30       000000
__Htext31                           text31       000000
__Htext32                           text32       000000
__Htext33                           text33       000000
__Htext34                           text34       000000
__Htext35                           text35       000000
__Htext36                           text36       000000
__Htext37                           text37       000000
__Htext38                           text38       000000
__Htext39                           text39       000000
__Htext4                            text4        000000
__Htext40                           text40       000000
__Htext41                           text41       000000
__Htext42                           text42       000000
__Htext43                           text43       000000
__Htext44                           text44       000000
__Htext45                           text45       000000
__Htext46                           text46       000000
__Htext47                           text47       000000
__Htext48                           text48       000000
__Htext49                           text49       000000
__Htext5                            text5        000000
__Htext50                           text50       000000
__Htext51                           text51       000000
__Htext52                           text52       000000
__Htext53                           text53       000000
__Htext54                           text54       000000
__Htext55                           text55       000000
__Htext56                           text56       000000
__Htext58                           text58       000000
__Htext59                           text59       000000
__Htext6                            text6        000000
__Htext60                           text60       000000
__Htext7                            text7        000000
__Htext8                            text8        000000
__Htext9                            text9        000000
__LRAM                              (abs)        000001
__Labs1                             abs1         000000
__Lbank0                            bank0        000000
__Lbank1                            bank1        000000
__Lbank10                           bank10       000000
__Lbank11                           bank11       000000
__Lbank12                           bank12       000000
__Lbank13                           bank13       000000
__Lbank14                           bank14       000000
__Lbank15                           bank15       000000
__Lbank2                            bank2        000000
__Lbank3                            bank3        000000
__Lbank4                            bank4        000000
__Lbank5                            bank5        000000
__Lbank6                            bank6        000000
__Lbank7                            bank7        000000
__Lbank8                            bank8        000000
__Lbank9                            bank9        000000
__Lbigbss                           bigbss       000000
__Lbigdata                          bigdata      000000
__Lbigram                           bigram       000000
__Lbss                              bss          000000
__LbssBANK0                         bssBANK0     000000
__LbssCOMRAM                        bssCOMRAM    000000
__Lcinit                            cinit        000000
__Lclrtext                          clrtext      000000
__Lcomram                           comram       000000
__Lconfig                           config       300000
__Lconst                            const        000000
__LcstackBANK0                      cstackBANK0  000000
__LcstackCOMRAM                     cstackCOMRAM 000000
__Ldata                             data         000000
__LdataBANK0                        dataBANK0    000000
__LdataCOMRAM                       dataCOMRAM   000000
__Leeprom_data                      eeprom_data  000000
__Lend_init                         end_init     000018
__Lfarbss                           farbss       000000
__Lfardata                          fardata      000000
__Libigdata                         ibigdata     000000
__Lidata                            idata        000000
__LidataBANK0                       idataBANK0   000000
__LidataCOMRAM                      idataCOMRAM  000000
__Lidloc                            idloc        200000
__Lifardata                         ifardata     000000
__Linit                             init         000018
__Lintcode                          intcode      000008
__Lintcode_body                     intcode_body 000000
__Lintcodelo                        intcodelo    000018
__Lintentry                         intentry     000000
__Lintret                           intret       000000
__Lintsave_regs                     intsave_regs 000000
__Lirdata                           irdata       000000
__Lmediumconst                      mediumconst  00FDBA
__LnvFARRAM                         nvFARRAM     000000
__Lnvbit                            nvbit        000000
__Lnvrram                           nvrram       000000
__Lparam                            rparam       000000
__Lpowerup                          powerup      000018
__Lram                              ram          000000
__Lramtop                           ramtop       001000
__Lrbit                             rbit         000000
__Lrbss                             rbss         000000
__Lrdata                            rdata        000000
__Lreset_vec                        reset_vec    000000
__Lrparam                           rparam       000000
__Lsfr                              sfr          000000
__Lsmallconst                       smallconst   000000
__Lspace_0                          (abs)        000000
__Lspace_1                          (abs)        000000
__Lspace_2                          (abs)        000000
__Lstack                            stack        000000
__Lstruct                           struct       000000
__Ltemp                             temp         000000
__Ltext                             text         000000
__Ltext0                            text0        000000
__Ltext1                            text1        000000
__Ltext10                           text10       000000
__Ltext11                           text11       000000
__Ltext12                           text12       000000
__Ltext13                           text13       000000
__Ltext14                           text14       000000
__Ltext15                           text15       000000
__Ltext16                           text16       000000
__Ltext17                           text17       000000
__Ltext18                           text18       000000
__Ltext19                           text19       000000
__Ltext2                            text2        000000
__Ltext20                           text20       000000
__Ltext21                           text21       000000
__Ltext22                           text22       000000
__Ltext23                           text23       000000
__Ltext24                           text24       000000
__Ltext25                           text25       000000
__Ltext26                           text26       000000
__Ltext27                           text27       000000
__Ltext28                           text28       000000
__Ltext29                           text29       000000
__Ltext3                            text3        000000
__Ltext30                           text30       000000
__Ltext31                           text31       000000
__Ltext32                           text32       000000
__Ltext33                           text33       000000
__Ltext34                           text34       000000
__Ltext35                           text35       000000
__Ltext36                           text36       000000
__Ltext37                           text37       000000
__Ltext38                           text38       000000
__Ltext39                           text39       000000
__Ltext4                            text4        000000
__Ltext40                           text40       000000
__Ltext41                           text41       000000
__Ltext42                           text42       000000
__Ltext43                           text43       000000
__Ltext44                           text44       000000
__Ltext45                           text45       000000
__Ltext46                           text46       000000
__Ltext47                           text47       000000
__Ltext48                           text48       000000
__Ltext49                           text49       000000
__Ltext5                            text5        000000
__Ltext50                           text50       000000
__Ltext51                           text51       000000
__Ltext52                           text52       000000
__Ltext53                           text53       000000
__Ltext54                           text54       000000
__Ltext55                           text55       000000
__Ltext56                           text56       000000
__Ltext58                           text58       000000
__Ltext59                           text59       000000
__Ltext6                            text6        000000
__Ltext60                           text60       000000
__Ltext7                            text7        000000
__Ltext8                            text8        000000
__Ltext9                            text9        000000
__S0                                (abs)        30000E
__S1                                (abs)        0000B8
__S2                                (abs)        000000
___awdiv                            text52       001BC0
___awdiv@counter                    cstackCOMRAM 000013
___awdiv@dividend                   cstackCOMRAM 00000F
___awdiv@divisor                    cstackCOMRAM 000011
___awdiv@quotient                   cstackCOMRAM 000015
___awdiv@sign                       cstackCOMRAM 000014
___awmod                            text51       001E6E
___awmod@counter                    cstackCOMRAM 000013
___awmod@dividend                   cstackCOMRAM 00000F
___awmod@divisor                    cstackCOMRAM 000011
___awmod@sign                       cstackCOMRAM 000014
___awtoft                           text27       00239A
___awtoft@c                         cstackCOMRAM 000017
___awtoft@sign                      cstackCOMRAM 00001A
___ftdiv                            text26       0015A4
___ftdiv@cntr                       cstackCOMRAM 000024
___ftdiv@exp                        cstackCOMRAM 000028
___ftdiv@f1                         cstackCOMRAM 00001B
___ftdiv@f2                         cstackCOMRAM 00001E
___ftdiv@f3                         cstackCOMRAM 000025
___ftdiv@sign                       cstackCOMRAM 000029
___ftge                             text25       001B2A
___ftge@ff1                         cstackCOMRAM 00000F
___ftge@ff2                         cstackCOMRAM 000012
___ftpack                           text28       001908
___ftpack@arg                       cstackCOMRAM 00000F
___ftpack@exp                       cstackCOMRAM 000012
___ftpack@sign                      cstackCOMRAM 000013
___inthi_sp                         stack        000000
___intlo_sp                         stack        000000
___param_bank                       (abs)        000010
___rparam_used                      (abs)        000001
___sp                               stack        000000
___wmul                             text50       00249A
___wmul@multiplicand                cstackCOMRAM 000011
___wmul@multiplier                  cstackCOMRAM 00000F
___wmul@product                     cstackCOMRAM 000013
__accesstop                         (abs)        000080
__activetblptr                      (abs)        000002
__end_of_Activate_Buzzer            text56       0025D6
__end_of_Day_Mode                   text19       001838
__end_of_Deactivate_Buzzer          text55       00263A
__end_of_Do_Flashing                text18       00207E
__end_of_Do_Init                    text13       0024E8
__end_of_INT0_ISR                   text60       0025FA
__end_of_INT1_ISR                   text59       0025E8
__end_of_INT2_ISR                   text58       002642
__end_of_Init_ADC                   text17       002628
__end_of_Initialize_Screen          text2        00073A
__end_of_LCD_Reset                  text11       0025C4
__end_of_Night_Mode                 text1        001B2A
__end_of_OpenUSART                  text15       001F60
__end_of_PED_Control                text38       00231E
__end_of_Rcmd1                      text10       0013A8
__end_of_Rcmd2red                   text9        00235C
__end_of_Rcmd3                      text8        0015A4
__end_of_Set_EW                     text33       0022DA
__end_of_Set_EWLT                   text32       002292
__end_of_Set_NS                     text31       00224A
__end_of_Set_NSLT                   text30       002202
__end_of_TFT_GreenTab_Initialize    text7        00249A
__end_of_Wait_Half_Second           text54       00255E
__end_of_Wait_N_Seconds             text20       00240E
__end_of_Wait_One_Second            text22       001E6E
__end_of_Wait_One_Second_With_Beep  text53       00258A
__end_of___awdiv                    text52       001C56
__end_of___awmod                    text51       001EF0
__end_of___awtoft                   text27       0023D6
__end_of___ftdiv                    text26       001686
__end_of___ftge                     text25       001BC0
__end_of___ftpack                   text28       0019CE
__end_of___wmul                     text50       0024C2
__end_of__initialization            cinit        00201E
__end_of_chkisr                     intcode_body 001DEC
__end_of_delay_ms                   text12       0020D0
__end_of_drawChar                   text42       001160
__end_of_drawCircle                 text37       000E84
__end_of_drawFastHLine              text6        001CDE
__end_of_drawFastVLine              text44       001D66
__end_of_drawPixel                  text45       002470
__end_of_drawRect                   text5        001FC6
__end_of_drawtext                   text40       0014B2
__end_of_fillCircle                 text35       002122
__end_of_fillCircleHelper           text36       001298
__end_of_fillRect                   text43       0021BA
__end_of_fillRectangle              text4        001762
__end_of_fillScreen                 text3        00252A
__end_of_font                       mediumconst  00FEBA
__end_of_font2                      mediumconst  00FF96
__end_of_get_full_ADC               text24       00250E
__end_of_init_IO                    text16       002574
__end_of_init_UART                  text14       00259E
__end_of_main                       text0        001A7C
__end_of_setAddrWindow              text46       002170
__end_of_spiwrite                   text49       0025B2
__end_of_strcpy                     text29       002440
__end_of_strlen                     text41       00239A
__end_of_update_LCD_PED_Count       text39       001908
__end_of_update_LCD_color           text34       000AAC
__end_of_update_LCD_count           text21       00100A
__end_of_update_LCD_misc            text23       000CD6
__end_of_write_command              text48       00261A
__end_of_write_data                 text47       00260A
__initialization                    cinit        001FC6
__mediumconst                       mediumconst  00FDBA
__pbssBANK0                         bssBANK0     000080
__pbssCOMRAM                        bssCOMRAM    00005B
__pcinit                            cinit        001FC6
__pcstackBANK0                      cstackBANK0  0000A1
__pcstackCOMRAM                     cstackCOMRAM 000001
__pdataBANK0                        dataBANK0    0000AF
__pdataCOMRAM                       dataCOMRAM   000041
__pidataBANK0                       idataBANK0   002628
__pidataCOMRAM                      idataCOMRAM  00252A
__pintcode                          intcode      000008
__pintcode_body                     intcode_body 001D66
__pmediumconst                      mediumconst  00FDBA
__ptext0                            text0        0019CE
__ptext1                            text1        001A7C
__ptext10                           text10       001298
__ptext11                           text11       0025B2
__ptext12                           text12       00207E
__ptext13                           text13       0024C2
__ptext14                           text14       00258A
__ptext15                           text15       001EF0
__ptext16                           text16       00255E
__ptext17                           text17       00261A
__ptext18                           text18       002028
__ptext19                           text19       001762
__ptext2                            text2        00001C
__ptext20                           text20       0023D6
__ptext21                           text21       000E84
__ptext22                           text22       001DEC
__ptext23                           text23       000AAC
__ptext24                           text24       0024E8
__ptext25                           text25       001B2A
__ptext26                           text26       0015A4
__ptext27                           text27       00239A
__ptext28                           text28       001908
__ptext29                           text29       00240E
__ptext3                            text3        00250E
__ptext30                           text30       0021BA
__ptext31                           text31       002202
__ptext32                           text32       00224A
__ptext33                           text33       002292
__ptext34                           text34       00073A
__ptext35                           text35       0020D0
__ptext36                           text36       001160
__ptext37                           text37       000CD6
__ptext38                           text38       0022DA
__ptext39                           text39       001838
__ptext4                            text4        001686
__ptext40                           text40       0013A8
__ptext41                           text41       00235C
__ptext42                           text42       00100A
__ptext43                           text43       002170
__ptext44                           text44       001CDE
__ptext45                           text45       002440
__ptext46                           text46       002122
__ptext47                           text47       0025FA
__ptext48                           text48       00260A
__ptext49                           text49       00259E
__ptext5                            text5        001F60
__ptext50                           text50       00249A
__ptext51                           text51       001E6E
__ptext52                           text52       001BC0
__ptext53                           text53       002574
__ptext54                           text54       002544
__ptext55                           text55       002632
__ptext56                           text56       0025C4
__ptext58                           text58       00263A
__ptext59                           text59       0025D6
__ptext6                            text6        001C56
__ptext60                           text60       0025E8
__ptext7                            text7        002470
__ptext8                            text8        0014B2
__ptext9                            text9        00231E
__ramtop                            ramtop       001000
__size_of_Activate_Buzzer           (abs)        000000
__size_of_Day_Mode                  (abs)        000000
__size_of_Deactivate_Buzzer         (abs)        000000
__size_of_Do_Flashing               (abs)        000000
__size_of_Do_Init                   (abs)        000000
__size_of_INT0_ISR                  (abs)        000000
__size_of_INT1_ISR                  (abs)        000000
__size_of_INT2_ISR                  (abs)        000000
__size_of_Init_ADC                  (abs)        000000
__size_of_Initialize_Screen         (abs)        000000
__size_of_LCD_Reset                 (abs)        000000
__size_of_Night_Mode                (abs)        000000
__size_of_OpenUSART                 (abs)        000000
__size_of_PED_Control               (abs)        000000
__size_of_Rcmd1                     (abs)        000000
__size_of_Rcmd2red                  (abs)        000000
__size_of_Rcmd3                     (abs)        000000
__size_of_Set_EW                    (abs)        000000
__size_of_Set_EWLT                  (abs)        000000
__size_of_Set_NS                    (abs)        000000
__size_of_Set_NSLT                  (abs)        000000
__size_of_TFT_GreenTab_Initialize   (abs)        000000
__size_of_Wait_Half_Second          (abs)        000000
__size_of_Wait_N_Seconds            (abs)        000000
__size_of_Wait_One_Second           (abs)        000000
__size_of_Wait_One_Second_With_Beep (abs)        000000
__size_of___awdiv                   (abs)        000000
__size_of___awmod                   (abs)        000000
__size_of___awtoft                  (abs)        000000
__size_of___ftdiv                   (abs)        000000
__size_of___ftge                    (abs)        000000
__size_of___ftpack                  (abs)        000000
__size_of___wmul                    (abs)        000000
__size_of_chkisr                    (abs)        000000
__size_of_delay_ms                  (abs)        000000
__size_of_drawChar                  (abs)        000000
__size_of_drawCircle                (abs)        000000
__size_of_drawFastHLine             (abs)        000000
__size_of_drawFastVLine             (abs)        000000
__size_of_drawPixel                 (abs)        000000
__size_of_drawRect                  (abs)        000000
__size_of_drawtext                  (abs)        000000
__size_of_fillCircle                (abs)        000000
__size_of_fillCircleHelper          (abs)        000000
__size_of_fillRect                  (abs)        000000
__size_of_fillRectangle             (abs)        000000
__size_of_fillScreen                (abs)        000000
__size_of_get_full_ADC              (abs)        000000
__size_of_init_IO                   (abs)        000000
__size_of_init_UART                 (abs)        000000
__size_of_main                      (abs)        000000
__size_of_setAddrWindow             (abs)        000000
__size_of_spiwrite                  (abs)        000000
__size_of_strcpy                    (abs)        000000
__size_of_strlen                    (abs)        000000
__size_of_update_LCD_PED_Count      (abs)        000000
__size_of_update_LCD_color          (abs)        000000
__size_of_update_LCD_count          (abs)        000000
__size_of_update_LCD_misc           (abs)        000000
__size_of_write_command             (abs)        000000
__size_of_write_data                (abs)        000000
__smallconst                        smallconst   000000
__tft_type                          bssCOMRAM    00006D
_buffer                             bssBANK0     000082
_chkisr                             intcode      000008
_colstart                           bssCOMRAM    00006E
_delay_ms                           text12       00207E
_dir                                bssCOMRAM    00006F
_direction                          bssCOMRAM    000070
_drawChar                           text42       00100A
_drawCircle                         text37       000CD6
_drawFastHLine                      text6        001C56
_drawFastVLine                      text44       001CDE
_drawPixel                          text45       002440
_drawRect                           text5        001F60
_drawtext                           text40       0013A8
_fillCircle                         text35       0020D0
_fillCircleHelper                   text36       001160
_fillRect                           text43       002170
_fillRectangle                      text4        001686
_fillScreen                         text3        00250E
_font                               mediumconst  00FDBB
_font2                              mediumconst  00FEBA
_get_full_ADC                       text24       0024E8
_init_IO                            text16       00255E
_init_UART                          text14       00258A
_main                               text0        0019CE
_nbr                                bssBANK0     000080
_rowstart                           bssCOMRAM    000071
_setAddrWindow                      text46       002122
_spiwrite                           text49       00259E
_strcpy                             text29       00240E
_strlen                             text41       00235C
_txt                                bssCOMRAM    000060
_update_LCD_PED_Count               text39       001838
_update_LCD_color                   text34       00073A
_update_LCD_count                   text21       000E84
_update_LCD_misc                    text23       000AAC
_volt                               bssCOMRAM    00005B
_wrap                               dataCOMRAM   000041
_write_command                      text48       00260A
_write_data                         text47       0025FA
delay_ms@count                      cstackCOMRAM 000019
delay_ms@ms                         cstackCOMRAM 000015
drawChar@bg                         cstackCOMRAM 000030
drawChar@c                          cstackCOMRAM 00002D
drawChar@color                      cstackCOMRAM 00002E
drawChar@i                          cstackCOMRAM 000036
drawChar@j                          cstackCOMRAM 000035
drawChar@line                       cstackCOMRAM 000033
drawChar@size                       cstackCOMRAM 000032
drawChar@x                          cstackCOMRAM 000034
drawChar@y                          cstackCOMRAM 00002C
drawCircle@color                    cstackCOMRAM 000020
drawCircle@ddF_x                    cstackCOMRAM 000024
drawCircle@ddF_y                    cstackCOMRAM 000026
drawCircle@f                        cstackCOMRAM 000028
drawCircle@r                        cstackCOMRAM 00001E
drawCircle@x                        cstackCOMRAM 00002A
drawCircle@x0                       cstackCOMRAM 00001A
drawCircle@y                        cstackCOMRAM 00002C
drawCircle@y0                       cstackCOMRAM 00001C
drawFastHLine@color                 cstackCOMRAM 000018
drawFastHLine@hi                    cstackCOMRAM 00001E
drawFastHLine@lo                    cstackCOMRAM 00001F
drawFastHLine@w                     cstackCOMRAM 000017
drawFastHLine@x                     cstackCOMRAM 000020
drawFastHLine@y                     cstackCOMRAM 000016
drawFastVLine@color                 cstackCOMRAM 000018
drawFastVLine@h                     cstackCOMRAM 000017
drawFastVLine@hi                    cstackCOMRAM 00001E
drawFastVLine@lo                    cstackCOMRAM 00001F
drawFastVLine@x                     cstackCOMRAM 000020
drawFastVLine@y                     cstackCOMRAM 000016
drawPixel@color                     cstackCOMRAM 000017
drawPixel@x                         cstackCOMRAM 000019
drawPixel@y                         cstackCOMRAM 000016
drawRect@color                      cstackCOMRAM 000029
drawRect@h                          cstackCOMRAM 000027
drawRect@w                          cstackCOMRAM 000025
drawRect@x                          cstackCOMRAM 000021
drawRect@y                          cstackCOMRAM 000023
drawtext@_text                      cstackCOMRAM 000038
drawtext@bg                         cstackCOMRAM 00003C
drawtext@color                      cstackCOMRAM 00003A
drawtext@cursor_x                   cstackBANK0  0000A7
drawtext@cursor_y                   cstackBANK0  0000A6
drawtext@i                          cstackBANK0  0000A4
drawtext@size                       cstackCOMRAM 00003E
drawtext@textsize                   cstackBANK0  0000A2
drawtext@x                          cstackBANK0  0000A1
drawtext@y                          cstackCOMRAM 000037
end_of_initialization               cinit        00201E
fillCircle@color                    cstackCOMRAM 00003F
fillCircle@r                        cstackCOMRAM 00003D
fillCircle@x0                       cstackCOMRAM 000039
fillCircle@y0                       cstackCOMRAM 00003B
fillCircleHelper@color              cstackCOMRAM 00002B
fillCircleHelper@cornername         cstackCOMRAM 000027
fillCircleHelper@ddF_x              cstackCOMRAM 00002F
fillCircleHelper@ddF_y              cstackCOMRAM 000031
fillCircleHelper@delta              cstackCOMRAM 000029
fillCircleHelper@f                  cstackCOMRAM 000033
fillCircleHelper@r                  cstackCOMRAM 000025
fillCircleHelper@x                  cstackCOMRAM 000035
fillCircleHelper@x0                 cstackCOMRAM 000021
fillCircleHelper@y                  cstackCOMRAM 000037
fillCircleHelper@y0                 cstackCOMRAM 000023
fillRect@color                      cstackCOMRAM 000024
fillRect@h                          cstackCOMRAM 000023
fillRect@i                          cstackCOMRAM 00002A
fillRect@w                          cstackCOMRAM 000022
fillRect@x                          cstackCOMRAM 000029
fillRect@y                          cstackCOMRAM 000021
fillRectangle@color                 cstackCOMRAM 000019
fillRectangle@h                     cstackCOMRAM 000018
fillRectangle@hi                    cstackCOMRAM 00001F
fillRectangle@lo                    cstackCOMRAM 000020
fillRectangle@w                     cstackCOMRAM 000017
fillRectangle@x                     cstackCOMRAM 000021
fillRectangle@y                     cstackCOMRAM 000016
fillScreen@color                    cstackCOMRAM 000022
get_full_ADC@result                 cstackCOMRAM 000013
int_func                            intcode_body 001D66
intlevel0                           text         000000
intlevel1                           text         000000
intlevel2                           text         000000
intlevel3                           text         000000
main@nStep                          cstackBANK0  0000AD
setAddrWindow@x0                    cstackCOMRAM 000015
setAddrWindow@x1                    cstackCOMRAM 000013
setAddrWindow@y0                    cstackCOMRAM 000012
setAddrWindow@y1                    cstackCOMRAM 000014
spiwrite@spidata                    cstackCOMRAM 000010
spiwrite@x                          cstackCOMRAM 00000F
stackhi                             (abs)        000F7F
stacklo                             (abs)        0000B8
start                               init         000018
start_initialization                cinit        001FC6
strcpy@cp                           cstackCOMRAM 000013
strcpy@from                         cstackCOMRAM 000011
strcpy@to                           cstackCOMRAM 00000F
strlen@cp                           cstackCOMRAM 000013
strlen@s                            cstackCOMRAM 00000F
update_LCD_PED_Count@count          cstackBANK0  0000A8
update_LCD_PED_Count@direction      cstackBANK0  0000A9
update_LCD_color@Circle_Y           cstackBANK0  0000A3
update_LCD_color@color              cstackBANK0  0000A1
update_LCD_color@direction          cstackBANK0  0000A2
update_LCD_count@count              cstackBANK0  0000A8
update_LCD_count@direction          cstackBANK0  0000A9
update_LCD_misc@ch                  cstackBANK0  0000AA
update_LCD_misc@nStep               cstackBANK0  0000A8
write_command@cmd_                  cstackCOMRAM 000011
write_data@data_                    cstackCOMRAM 000011


FUNCTION INFORMATION:

 *************** function _main *****************
 Defined at:
		line 327 in file "Lab9.c"
 Parameters:    Size  Location     Type
		None
 Auto vars:     Size  Location     Type
  nStep           2   12[BANK0 ] int 
 Return value:  Size  Location     Type
		None               void
 Registers used:
		wreg, fsr2l, fsr2h, status,2, status,0, tblptrl, tblptrh, tblptru, prodl, prodh, cstack
 Tracked objects:
		On entry : 
		On exit  : 
		Unchanged: 
 Data sizes:     COMRAM   BANK0   BANK1   BANK2   BANK3   BANK4   BANK5   BANK6   BANK7   BANK8   BANK9  BANK10  BANK11  BANK12  BANK13  BANK14  BANK15
      Params:         0       0       0       0       0       0       0       0       0       0       0       0       0       0       0       0       0
      Locals:         0       2       0       0       0       0       0       0       0       0       0       0       0       0       0       0       0
      Temps:          0       0       0       0       0       0       0       0       0       0       0       0       0       0       0       0       0
      Totals:         0       2       0       0       0       0       0       0       0       0       0       0       0       0       0       0       0
Total ram usage:        2 bytes
 Hardware stack levels required when called:   13
 This function calls:
		_Day_Mode
		_Do_Flashing
		_Do_Init
		_Initialize_Screen
		_Night_Mode
		___awtoft
		___ftdiv
		___ftge
		___wmul
		_get_full_ADC
 This function is called by:
		Startup code after reset
 This function uses a non-reentrant model


 *************** function _Night_Mode *****************
 Defined at:
		line 532 in file "Lab9.c"
 Parameters:    Size  Location     Type
		None
 Auto vars:     Size  Location     Type
		None
 Return value:  Size  Location     Type
		None               void
 Registers used:
		wreg, fsr2l, fsr2h, status,2, status,0, tblptrl, tblptrh, tblptru, prodl, prodh, cstack
 Tracked objects:
		On entry : 
		On exit  : 
		Unchanged: 
 Data sizes:     COMRAM   BANK0   BANK1   BANK2   BANK3   BANK4   BANK5   BANK6   BANK7   BANK8   BANK9  BANK10  BANK11  BANK12  BANK13  BANK14  BANK15
      Params:         0       0       0       0       0       0       0       0       0       0       0       0       0       0       0       0       0
      Locals:         0       0       0       0       0       0       0       0       0       0       0       0       0       0       0       0       0
      Temps:          0       0       0       0       0       0       0       0       0       0       0       0       0       0       0       0       0
      Totals:         0       0       0       0       0       0       0       0       0       0       0       0       0       0       0       0       0
Total ram usage:        0 bytes
 Hardware stack levels used:    1
 Hardware stack levels required when called:   12
 This function calls:
		_Set_EW
		_Set_EWLT
		_Set_NS
		_Set_NSLT
		_Wait_N_Seconds
 This function is called by:
		_main
 This function uses a non-reentrant model


 *************** function _Initialize_Screen *****************
 Defined at:
		line 168 in file "Lab9.c"
 Parameters:    Size  Location     Type
		None
 Auto vars:     Size  Location     Type
		None
 Return value:  Size  Location     Type
		None               void
 Registers used:
		wreg, fsr2l, fsr2h, status,2, status,0, tblptrl, tblptrh, tblptru, prodl, prodh, cstack
 Tracked objects:
		On entry : 
		On exit  : 
		Unchanged: 
 Data sizes:     COMRAM   BANK0   BANK1   BANK2   BANK3   BANK4   BANK5   BANK6   BANK7   BANK8   BANK9  BANK10  BANK11  BANK12  BANK13  BANK14  BANK15
      Params:         0       0       0       0       0       0       0       0       0       0       0       0       0       0       0       0       0
      Locals:         0       0       0       0       0       0       0       0       0       0       0       0       0       0       0       0       0
      Temps:          0       0       0       0       0       0       0       0       0       0       0       0       0       0       0       0       0
      Totals:         0       0       0       0       0       0       0       0       0       0       0       0       0       0       0       0       0
Total ram usage:        0 bytes
 Hardware stack levels used:    1
 Hardware stack levels required when called:    9
 This function calls:
		_LCD_Reset
		_TFT_GreenTab_Initialize
		_drawCircle
		_drawRect
		_drawtext
		_fillCircle
		_fillScreen
		_strcpy
 This function is called by:
		_main
 This function uses a non-reentrant model


 *************** function _fillScreen *****************
 Defined at:
		line 652 in file "ST7735_TFT.c"
 Parameters:    Size  Location     Type
  color           2   33[COMRAM] unsigned int 
 Auto vars:     Size  Location     Type
		None
 Return value:  Size  Location     Type
		None               void
 Registers used:
		wreg, status,2, status,0, cstack
 Tracked objects:
		On entry : 
		On exit  : 
		Unchanged: 
 Data sizes:     COMRAM   BANK0   BANK1   BANK2   BANK3   BANK4   BANK5   BANK6   BANK7   BANK8   BANK9  BANK10  BANK11  BANK12  BANK13  BANK14  BANK15
      Params:         2       0       0       0       0       0       0       0       0       0       0       0       0       0       0       0       0
      Locals:         0       0       0       0       0       0       0       0       0       0       0       0       0       0       0       0       0
      Temps:          0       0       0       0       0       0       0       0       0       0       0       0       0       0       0       0       0
      Totals:         2       0       0       0       0       0       0       0       0       0       0       0       0       0       0       0       0
Total ram usage:        2 bytes
 Hardware stack levels used:    1
 Hardware stack levels required when called:    6
 This function calls:
		_fillRectangle
 This function is called by:
		_Initialize_Screen
 This function uses a non-reentrant model


 *************** function _fillRectangle *****************
 Defined at:
		line 536 in file "ST7735_TFT.c"
 Parameters:    Size  Location     Type
  x               1    wreg     unsigned char 
  y               1   21[COMRAM] unsigned char 
  w               1   22[COMRAM] unsigned char 
  h               1   23[COMRAM] unsigned char 
  color           2   24[COMRAM] unsigned int 
 Auto vars:     Size  Location     Type
  x               1   32[COMRAM] unsigned char 
  lo              1   31[COMRAM] unsigned char 
  hi              1   30[COMRAM] unsigned char 
 Return value:  Size  Location     Type
		None               void
 Registers used:
		wreg, status,2, status,0, cstack
 Tracked objects:
		On entry : 
		On exit  : 
		Unchanged: 
 Data sizes:     COMRAM   BANK0   BANK1   BANK2   BANK3   BANK4   BANK5   BANK6   BANK7   BANK8   BANK9  BANK10  BANK11  BANK12  BANK13  BANK14  BANK15
      Params:         5       0       0       0       0       0       0       0       0       0       0       0       0       0       0       0       0
      Locals:         3       0       0       0       0       0       0       0       0       0       0       0       0       0       0       0       0
      Temps:          4       0       0       0       0       0       0       0       0       0       0       0       0       0       0       0       0
      Totals:        12       0       0       0       0       0       0       0       0       0       0       0       0       0       0       0       0
Total ram usage:       12 bytes
 Hardware stack levels used:    1
 Hardware stack levels required when called:    5
 This function calls:
		_setAddrWindow
		_spiwrite
 This function is called by:
		_fillScreen
 This function uses a non-reentrant model


 *************** function _drawRect *****************
 Defined at:
		line 718 in file "ST7735_TFT.c"
 Parameters:    Size  Location     Type
  x               2   32[COMRAM] unsigned int 
  y               2   34[COMRAM] unsigned int 
  w               2   36[COMRAM] unsigned int 
  h               2   38[COMRAM] unsigned int 
  color           2   40[COMRAM] unsigned int 
 Auto vars:     Size  Location     Type
		None
 Return value:  Size  Location     Type
		None               void
 Registers used:
		wreg, status,2, status,0, cstack
 Tracked objects:
		On entry : 
		On exit  : 
		Unchanged: 
 Data sizes:     COMRAM   BANK0   BANK1   BANK2   BANK3   BANK4   BANK5   BANK6   BANK7   BANK8   BANK9  BANK10  BANK11  BANK12  BANK13  BANK14  BANK15
      Params:        10       0       0       0       0       0       0       0       0       0       0       0       0       0       0       0       0
      Locals:         0       0       0       0       0       0       0       0       0       0       0       0       0       0       0       0       0
      Temps:          1       0       0       0       0       0       0       0       0       0       0       0       0       0       0       0       0
      Totals:        11       0       0       0       0       0       0       0       0       0       0       0       0       0       0       0       0
Total ram usage:       11 bytes
 Hardware stack levels used:    1
 Hardware stack levels required when called:    6
 This function calls:
		_drawFastHLine
		_drawFastVLine
 This function is called by:
		_Initialize_Screen
 This function uses a non-reentrant model


 *************** function _drawFastHLine *****************
 Defined at:
		line 657 in file "ST7735_TFT.c"
 Parameters:    Size  Location     Type
  x               1    wreg     unsigned char 
  y               1   21[COMRAM] unsigned char 
  w               1   22[COMRAM] unsigned char 
  color           2   23[COMRAM] unsigned int 
 Auto vars:     Size  Location     Type
  x               1   31[COMRAM] unsigned char 
  lo              1   30[COMRAM] unsigned char 
  hi              1   29[COMRAM] unsigned char 
 Return value:  Size  Location     Type
		None               void
 Registers used:
		wreg, status,2, status,0, cstack
 Tracked objects:
		On entry : 
		On exit  : 
		Unchanged: 
 Data sizes:     COMRAM   BANK0   BANK1   BANK2   BANK3   BANK4   BANK5   BANK6   BANK7   BANK8   BANK9  BANK10  BANK11  BANK12  BANK13  BANK14  BANK15
      Params:         4       0       0       0       0       0       0       0       0       0       0       0       0       0       0       0       0
      Locals:         3       0       0       0       0       0       0       0       0       0       0       0       0       0       0       0       0
      Temps:          4       0       0       0       0       0       0       0       0       0       0       0       0       0       0       0       0
      Totals:        11       0       0       0       0       0       0       0       0       0       0       0       0       0       0       0       0
Total ram usage:       11 bytes
 Hardware stack levels used:    1
 Hardware stack levels required when called:    5
 This function calls:
		_setAddrWindow
		_spiwrite
 This function is called by:
		_drawRect
 This function uses a non-reentrant model


 *************** function _TFT_GreenTab_Initialize *****************
 Defined at:
		line 677 in file "ST7735_TFT.c"
 Parameters:    Size  Location     Type
		None
 Auto vars:     Size  Location     Type
		None
 Return value:  Size  Location     Type
		None               void
 Registers used:
		wreg, status,2, status,0, prodl, prodh, cstack
 Tracked objects:
		On entry : 
		On exit  : 
		Unchanged: 
 Data sizes:     COMRAM   BANK0   BANK1   BANK2   BANK3   BANK4   BANK5   BANK6   BANK7   BANK8   BANK9  BANK10  BANK11  BANK12  BANK13  BANK14  BANK15
      Params:         0       0       0       0       0       0       0       0       0       0       0       0       0       0       0       0       0
      Locals:         0       0       0       0       0       0       0       0       0       0       0       0       0       0       0       0       0
      Temps:          0       0       0       0       0       0       0       0       0       0       0       0       0       0       0       0       0
      Totals:         0       0       0       0       0       0       0       0       0       0       0       0       0       0       0       0       0
Total ram usage:        0 bytes
 Hardware stack levels used:    1
 Hardware stack levels required when called:    5
 This function calls:
		_Rcmd1
		_Rcmd2red
		_Rcmd3
		_write_command
		_write_data
 This function is called by:
		_Initialize_Screen
 This function uses a non-reentrant model


 *************** function _Rcmd3 *****************
 Defined at:
		line 371 in file "ST7735_TFT.c"
 Parameters:    Size  Location     Type
		None
 Auto vars:     Size  Location     Type
		None
 Return value:  Size  Location     Type
		None               void
 Registers used:
		wreg, status,2, status,0, prodl, prodh, cstack
 Tracked objects:
		On entry : 
		On exit  : 
		Unchanged: 
 Data sizes:     COMRAM   BANK0   BANK1   BANK2   BANK3   BANK4   BANK5   BANK6   BANK7   BANK8   BANK9  BANK10  BANK11  BANK12  BANK13  BANK14  BANK15
      Params:         0       0       0       0       0       0       0       0       0       0       0       0       0       0       0       0       0
      Locals:         0       0       0       0       0       0       0       0       0       0       0       0       0       0       0       0       0
      Temps:          0       0       0       0       0       0       0       0       0       0       0       0       0       0       0       0       0
      Totals:         0       0       0       0       0       0       0       0       0       0       0       0       0       0       0       0       0
Total ram usage:        0 bytes
 Hardware stack levels used:    1
 Hardware stack levels required when called:    4
 This function calls:
		_delay_ms
		_write_command
		_write_data
 This function is called by:
		_TFT_GreenTab_Initialize
		_TFT_BlackTab_Initialize
 This function uses a non-reentrant model


 *************** function _Rcmd2red *****************
 Defined at:
		line 361 in file "ST7735_TFT.c"
 Parameters:    Size  Location     Type
		None
 Auto vars:     Size  Location     Type
		None
 Return value:  Size  Location     Type
		None               void
 Registers used:
		wreg, status,2, cstack
 Tracked objects:
		On entry : 
		On exit  : 
		Unchanged: 
 Data sizes:     COMRAM   BANK0   BANK1   BANK2   BANK3   BANK4   BANK5   BANK6   BANK7   BANK8   BANK9  BANK10  BANK11  BANK12  BANK13  BANK14  BANK15
      Params:         0       0       0       0       0       0       0       0       0       0       0       0       0       0       0       0       0
      Locals:         0       0       0       0       0       0       0       0       0       0       0       0       0       0       0       0       0
      Temps:          0       0       0       0       0       0       0       0       0       0       0       0       0       0       0       0       0
      Totals:         0       0       0       0       0       0       0       0       0       0       0       0       0       0       0       0       0
Total ram usage:        0 bytes
 Hardware stack levels used:    1
 Hardware stack levels required when called:    4
 This function calls:
		_write_command
		_write_data
 This function is called by:
[...]
      Temps:          0       0       0       0       0       0       0       0       0       0       0       0       0       0       0       0       0
      Totals:         6       0       0       0       0       0       0       0       0       0       0       0       0       0       0       0       0
Total ram usage:        6 bytes
 Hardware stack levels used:    1
 Hardware stack levels required when called:    2
 This function calls:
		Nothing
 This function is called by:
		_delay_ms
		_drawChar
		_main
		_update_LCD_misc
 This function uses a non-reentrant model


 *************** function ___awmod *****************
 Defined at:
		line 8 in file "C:\Program Files (x86)\Microchip\xc8\v1.34\sources\common\awmod.c"
 Parameters:    Size  Location     Type
  dividend        2   14[COMRAM] int 
  divisor         2   16[COMRAM] int 
 Auto vars:     Size  Location     Type
  sign            1   19[COMRAM] unsigned char 
  counter         1   18[COMRAM] unsigned char 
 Return value:  Size  Location     Type
                  2   14[COMRAM] int 
 Registers used:
		wreg, status,2, status,0
 Tracked objects:
		On entry : 
		On exit  : 
		Unchanged: 
 Data sizes:     COMRAM   BANK0   BANK1   BANK2   BANK3   BANK4   BANK5   BANK6   BANK7   BANK8   BANK9  BANK10  BANK11  BANK12  BANK13  BANK14  BANK15
      Params:         4       0       0       0       0       0       0       0       0       0       0       0       0       0       0       0       0
      Locals:         2       0       0       0       0       0       0       0       0       0       0       0       0       0       0       0       0
      Temps:          0       0       0       0       0       0       0       0       0       0       0       0       0       0       0       0       0
      Totals:         6       0       0       0       0       0       0       0       0       0       0       0       0       0       0       0       0
Total ram usage:        6 bytes
 Hardware stack levels used:    1
 Hardware stack levels required when called:    2
 This function calls:
		Nothing
 This function is called by:
		_update_LCD_count
		_update_LCD_PED_Count
 This function uses a non-reentrant model


 *************** function ___awdiv *****************
 Defined at:
		line 8 in file "C:\Program Files (x86)\Microchip\xc8\v1.34\sources\common\awdiv.c"
 Parameters:    Size  Location     Type
  dividend        2   14[COMRAM] int 
  divisor         2   16[COMRAM] int 
 Auto vars:     Size  Location     Type
  quotient        2   20[COMRAM] int 
  sign            1   19[COMRAM] unsigned char 
  counter         1   18[COMRAM] unsigned char 
 Return value:  Size  Location     Type
                  2   14[COMRAM] int 
 Registers used:
		wreg, status,2, status,0
 Tracked objects:
		On entry : 
		On exit  : 
		Unchanged: 
 Data sizes:     COMRAM   BANK0   BANK1   BANK2   BANK3   BANK4   BANK5   BANK6   BANK7   BANK8   BANK9  BANK10  BANK11  BANK12  BANK13  BANK14  BANK15
      Params:         4       0       0       0       0       0       0       0       0       0       0       0       0       0       0       0       0
      Locals:         4       0       0       0       0       0       0       0       0       0       0       0       0       0       0       0       0
      Temps:          0       0       0       0       0       0       0       0       0       0       0       0       0       0       0       0       0
      Totals:         8       0       0       0       0       0       0       0       0       0       0       0       0       0       0       0       0
Total ram usage:        8 bytes
 Hardware stack levels used:    1
 Hardware stack levels required when called:    2
 This function calls:
		Nothing
 This function is called by:
		_update_LCD_count
		_update_LCD_PED_Count
 This function uses a non-reentrant model


 *************** function _Wait_One_Second_With_Beep *****************
 Defined at:
		line 596 in file "Lab9.c"
 Parameters:    Size  Location     Type
		None
 Auto vars:     Size  Location     Type
		None
 Return value:  Size  Location     Type
		None               void
 Registers used:
		wreg, status,2, cstack
 Tracked objects:
		On entry : 
		On exit  : 
		Unchanged: 
 Data sizes:     COMRAM   BANK0   BANK1   BANK2   BANK3   BANK4   BANK5   BANK6   BANK7   BANK8   BANK9  BANK10  BANK11  BANK12  BANK13  BANK14  BANK15
      Params:         0       0       0       0       0       0       0       0       0       0       0       0       0       0       0       0       0
      Locals:         0       0       0       0       0       0       0       0       0       0       0       0       0       0       0       0       0
      Temps:          0       0       0       0       0       0       0       0       0       0       0       0       0       0       0       0       0
      Totals:         0       0       0       0       0       0       0       0       0       0       0       0       0       0       0       0       0
Total ram usage:        0 bytes
 Hardware stack levels used:    1
 Hardware stack levels required when called:    3
 This function calls:
		_Activate_Buzzer
		_Deactivate_Buzzer
		_Wait_Half_Second
 This function is called by:
		_PED_Control
 This function uses a non-reentrant model


 *************** function _Wait_Half_Second *****************
 Defined at:
		line 606 in file "Lab9.c"
 Parameters:    Size  Location     Type
		None
 Auto vars:     Size  Location     Type
		None
 Return value:  Size  Location     Type
		None               void
 Registers used:
		wreg, status,2
 Tracked objects:
		On entry : 
		On exit  : 
		Unchanged: 
 Data sizes:     COMRAM   BANK0   BANK1   BANK2   BANK3   BANK4   BANK5   BANK6   BANK7   BANK8   BANK9  BANK10  BANK11  BANK12  BANK13  BANK14  BANK15
      Params:         0       0       0       0       0       0       0       0       0       0       0       0       0       0       0       0       0
      Locals:         0       0       0       0       0       0       0       0       0       0       0       0       0       0       0       0       0
      Temps:          0       0       0       0       0       0       0       0       0       0       0       0       0       0       0       0       0
      Totals:         0       0       0       0       0       0       0       0       0       0       0       0       0       0       0       0       0
Total ram usage:        0 bytes
 Hardware stack levels used:    1
 Hardware stack levels required when called:    2
 This function calls:
		Nothing
 This function is called by:
		_Wait_One_Second
		_Wait_One_Second_With_Beep
		_Old_Wait_One_Second
 This function uses a non-reentrant model


 *************** function _Deactivate_Buzzer *****************
 Defined at:
		line 464 in file "Lab9.c"
 Parameters:    Size  Location     Type
		None
 Auto vars:     Size  Location     Type
		None
 Return value:  Size  Location     Type
		None               void
 Registers used:
		wreg, status,2
 Tracked objects:
		On entry : 
		On exit  : 
		Unchanged: 
 Data sizes:     COMRAM   BANK0   BANK1   BANK2   BANK3   BANK4   BANK5   BANK6   BANK7   BANK8   BANK9  BANK10  BANK11  BANK12  BANK13  BANK14  BANK15
      Params:         0       0       0       0       0       0       0       0       0       0       0       0       0       0       0       0       0
      Locals:         0       0       0       0       0       0       0       0       0       0       0       0       0       0       0       0       0
      Temps:          0       0       0       0       0       0       0       0       0       0       0       0       0       0       0       0       0
      Totals:         0       0       0       0       0       0       0       0       0       0       0       0       0       0       0       0       0
Total ram usage:        0 bytes
 Hardware stack levels used:    1
 Hardware stack levels required when called:    2
 This function calls:
		Nothing
 This function is called by:
		_Wait_One_Second_With_Beep
 This function uses a non-reentrant model


 *************** function _Activate_Buzzer *****************
 Defined at:
		line 456 in file "Lab9.c"
 Parameters:    Size  Location     Type
		None
 Auto vars:     Size  Location     Type
		None
 Return value:  Size  Location     Type
		None               void
 Registers used:
		wreg, status,2
 Tracked objects:
		On entry : 
		On exit  : 
		Unchanged: 
 Data sizes:     COMRAM   BANK0   BANK1   BANK2   BANK3   BANK4   BANK5   BANK6   BANK7   BANK8   BANK9  BANK10  BANK11  BANK12  BANK13  BANK14  BANK15
      Params:         0       0       0       0       0       0       0       0       0       0       0       0       0       0       0       0       0
      Locals:         0       0       0       0       0       0       0       0       0       0       0       0       0       0       0       0       0
      Temps:          0       0       0       0       0       0       0       0       0       0       0       0       0       0       0       0       0
      Totals:         0       0       0       0       0       0       0       0       0       0       0       0       0       0       0       0       0
Total ram usage:        0 bytes
 Hardware stack levels used:    1
 Hardware stack levels required when called:    2
 This function calls:
		Nothing
 This function is called by:
		_Wait_One_Second_With_Beep
 This function uses a non-reentrant model


 *************** function _chkisr *****************
 Defined at:
		line 295 in file "Lab9.c"
 Parameters:    Size  Location     Type
		None
 Auto vars:     Size  Location     Type
		None
 Return value:  Size  Location     Type
		None               void
 Registers used:
		wreg, status,2, status,0, cstack
 Tracked objects:
		On entry : 
		On exit  : 
		Unchanged: 
 Data sizes:     COMRAM   BANK0   BANK1   BANK2   BANK3   BANK4   BANK5   BANK6   BANK7   BANK8   BANK9  BANK10  BANK11  BANK12  BANK13  BANK14  BANK15
      Params:         0       0       0       0       0       0       0       0       0       0       0       0       0       0       0       0       0
      Locals:         0       0       0       0       0       0       0       0       0       0       0       0       0       0       0       0       0
      Temps:         14       0       0       0       0       0       0       0       0       0       0       0       0       0       0       0       0
      Totals:        14       0       0       0       0       0       0       0       0       0       0       0       0       0       0       0       0
Total ram usage:       14 bytes
 Hardware stack levels used:    1
 Hardware stack levels required when called:    1
 This function calls:
		_INT0_ISR
		_INT1_ISR
		_INT2_ISR
 This function is called by:
		Interrupt level 2
 This function uses a non-reentrant model


 *************** function _INT2_ISR *****************
 Defined at:
		line 289 in file "Lab9.c"
 Parameters:    Size  Location     Type
		None
 Auto vars:     Size  Location     Type
		None
 Return value:  Size  Location     Type
		None               void
 Registers used:
		wreg, status,2
 Tracked objects:
		On entry : 
		On exit  : 
		Unchanged: 
 Data sizes:     COMRAM   BANK0   BANK1   BANK2   BANK3   BANK4   BANK5   BANK6   BANK7   BANK8   BANK9  BANK10  BANK11  BANK12  BANK13  BANK14  BANK15
      Params:         0       0       0       0       0       0       0       0       0       0       0       0       0       0       0       0       0
      Locals:         0       0       0       0       0       0       0       0       0       0       0       0       0       0       0       0       0
      Temps:          0       0       0       0       0       0       0       0       0       0       0       0       0       0       0       0       0
      Totals:         0       0       0       0       0       0       0       0       0       0       0       0       0       0       0       0       0
Total ram usage:        0 bytes
 Hardware stack levels used:    1
 This function calls:
		Nothing
 This function is called by:
		_chkisr
 This function uses a non-reentrant model


 *************** function _INT1_ISR *****************
 Defined at:
		line 280 in file "Lab9.c"
 Parameters:    Size  Location     Type
		None
 Auto vars:     Size  Location     Type
		None
 Return value:  Size  Location     Type
		None               void
 Registers used:
		wreg, status,2, status,0
 Tracked objects:
		On entry : 
		On exit  : 
		Unchanged: 
 Data sizes:     COMRAM   BANK0   BANK1   BANK2   BANK3   BANK4   BANK5   BANK6   BANK7   BANK8   BANK9  BANK10  BANK11  BANK12  BANK13  BANK14  BANK15
      Params:         0       0       0       0       0       0       0       0       0       0       0       0       0       0       0       0       0
      Locals:         0       0       0       0       0       0       0       0       0       0       0       0       0       0       0       0       0
      Temps:          0       0       0       0       0       0       0       0       0       0       0       0       0       0       0       0       0
      Totals:         0       0       0       0       0       0       0       0       0       0       0       0       0       0       0       0       0
Total ram usage:        0 bytes
 Hardware stack levels used:    1
 This function calls:
		Nothing
 This function is called by:
		_chkisr
 This function uses a non-reentrant model


 *************** function _INT0_ISR *****************
 Defined at:
		line 271 in file "Lab9.c"
 Parameters:    Size  Location     Type
		None
 Auto vars:     Size  Location     Type
		None
 Return value:  Size  Location     Type
		None               void
 Registers used:
		wreg, status,2, status,0
 Tracked objects:
		On entry : 
		On exit  : 
		Unchanged: 
 Data sizes:     COMRAM   BANK0   BANK1   BANK2   BANK3   BANK4   BANK5   BANK6   BANK7   BANK8   BANK9  BANK10  BANK11  BANK12  BANK13  BANK14  BANK15
      Params:         0       0       0       0       0       0       0       0       0       0       0       0       0       0       0       0       0
      Locals:         0       0       0       0       0       0       0       0       0       0       0       0       0       0       0       0       0
      Temps:          0       0       0       0       0       0       0       0       0       0       0       0       0       0       0       0       0
      Totals:         0       0       0       0       0       0       0       0       0       0       0       0       0       0       0       0       0
Total ram usage:        0 bytes
 Hardware stack levels used:    1
 This function calls:
		Nothing
 This function is called by:
		_chkisr
 This function uses a non-reentrant model



MODULE INFORMATION

Module		Function		Class		Link	Load	Size
C:\Program Files (x86)\Microchip\xc8\v1.34\sources\common\ftge.c
		___ftge        		CODE           	1B2A	0000	151

C:\Program Files (x86)\Microchip\xc8\v1.34\sources\common\ftge.c estimated size: 151

Lab9.c
		_Set_EW        		CODE           	2292	0000	73
		_Night_Mode    		CODE           	1A7C	0000	175
		_Init_ADC      		CODE           	261A	0000	15
		_Set_NS        		CODE           	2202	0000	73
		_main          		CODE           	19CE	0000	175
		_Deactivate_Buz		CODE           	2632	0000	9
		_Wait_One_Secon		CODE           	1DEC	0000	131
		_init_UART     		CODE           	258A	0000	21
		_Set_EWLT      		CODE           	224A	0000	73
		_Do_Flashing   		CODE           	2028	0000	87
		_Do_Init       		CODE           	24C2	0000	39
		_Wait_N_Seconds		CODE           	23D6	0000	57
		_Day_Mode      		CODE           	1762	0000	215
		_Wait_One_Secon		CODE           	2574	0000	23
		_Wait_Half_Seco		CODE           	2544	0000	27
		_Set_NSLT      		CODE           	21BA	0000	73
		_update_LCD_col		CODE           	073A	0000	883
		_update_LCD_cou		CODE           	0E84	0000	391
		_get_full_ADC  		CODE           	24E8	0000	39
		_update_LCD_PED		CODE           	1838	0000	209
		_Initialize_Scr		CODE           	001C	0000	1823
		_INT0_ISR      		CODE           	25E8	0000	19
		_init_IO       		CODE           	255E	0000	23
		_INT1_ISR      		CODE           	25D6	0000	19
		_PED_Control   		CODE           	22DA	0000	69
		_Activate_Buzze		CODE           	25C4	0000	19
		_update_LCD_mis		CODE           	0AAC	0000	555
		_chkisr        		CODE           	0008	0000	151
		_INT2_ISR      		CODE           	263A	0000	9

Lab9.c estimated size: 5475

C:\Program Files (x86)\Microchip\xc8\v1.34\sources\common\float.c
		___ftpack      		CODE           	1908	0000	199

C:\Program Files (x86)\Microchip\xc8\v1.34\sources\common\float.c estimated size: 199

C:\Program Files (x86)\Microchip\xc8\v1.34\sources\pic18\plib\USART\uopen.c
		_OpenUSART     		CODE           	1EF0	0000	113

C:\Program Files (x86)\Microchip\xc8\v1.34\sources\pic18\plib\USART\uopen.c estimated size: 113

C:\Program Files (x86)\Microchip\xc8\v1.34\sources\common\awmod.c
		___awmod       		CODE           	1E6E	0000	131

C:\Program Files (x86)\Microchip\xc8\v1.34\sources\common\awmod.c estimated size: 131

ST7735_TFT.c
		_drawChar      		CODE           	100A	0000	343
		_drawCircle    		CODE           	0CD6	0000	431
		_fillScreen    		CODE           	250E	0000	29
		_Rcmd3         		CODE           	14B2	0000	243
		_write_data    		CODE           	25FA	0000	17
		_setAddrWindow 		CODE           	2122	0000	79
		_drawtext      		CODE           	13A8	0000	267
		_fillRect      		CODE           	2170	0000	75
		_LCD_Reset     		CODE           	25B2	0000	19
		_fillCircle    		CODE           	20D0	0000	83
		_drawPixel     		CODE           	2440	0000	49
		_fillRectangle 		CODE           	1686	0000	221
		_write_command 		CODE           	260A	0000	17
		_fillCircleHelp		CODE           	1160	0000	313
		_drawFastHLine 		CODE           	1C56	0000	137
		_drawFastVLine 		CODE           	1CDE	0000	137
		_Rcmd2red      		CODE           	231E	0000	63
		_TFT_GreenTab_I		CODE           	2470	0000	43
		_delay_ms      		CODE           	207E	0000	83
		_Rcmd1         		CODE           	1298	0000	273
		_drawRect      		CODE           	1F60	0000	103
		_spiwrite      		CODE           	259E	0000	21

ST7735_TFT.c estimated size: 3046

C:\Program Files (x86)\Microchip\xc8\v1.34\sources\common\awtoft.c
		___awtoft      		CODE           	239A	0000	61

C:\Program Files (x86)\Microchip\xc8\v1.34\sources\common\awtoft.c estimated size: 61

C:\Program Files (x86)\Microchip\xc8\v1.34\sources\common\strlen.c
		_strlen        		CODE           	235C	0000	63

C:\Program Files (x86)\Microchip\xc8\v1.34\sources\common\strlen.c estimated size: 63

C:\Program Files (x86)\Microchip\xc8\v1.34\sources\common\ftdiv.c
		___ftdiv       		CODE           	15A4	0000	227

C:\Program Files (x86)\Microchip\xc8\v1.34\sources\common\ftdiv.c estimated size: 227

shared
		_font          		MEDIUMCONST    	FDBB	0000	256
		__initializatio		CODE           	1FC6	0000	89
		_font2         		MEDIUMCONST    	FEBA	0000	221

shared estimated size: 566

C:\Program Files (x86)\Microchip\xc8\v1.34\sources\common\strcpy.c
		_strcpy        		CODE           	240E	0000	51

C:\Program Files (x86)\Microchip\xc8\v1.34\sources\common\strcpy.c estimated size: 51

C:\Program Files (x86)\Microchip\xc8\v1.34\sources\common\awdiv.c
		___awdiv       		CODE           	1BC0	0000	151

C:\Program Files (x86)\Microchip\xc8\v1.34\sources\common\awdiv.c estimated size: 151

C:\Program Files (x86)\Microchip\xc8\v1.34\sources\common\Umul16.c
		___wmul        		CODE           	249A	0000	41

C:\Program Files (x86)\Microchip\xc8\v1.34\sources\common\Umul16.c estimated size: 41

